Component: Arm Compiler for Embedded 6.24 Tool: armlink [5f371500]

==============================================================================

Section Cross References

    startup_stm32f446xx.o(STACK) refers (Special) to heapauxi.o(.text) for __use_two_region_memory
    startup_stm32f446xx.o(HEAP) refers (Special) to heapauxi.o(.text) for __use_two_region_memory
    startup_stm32f446xx.o(RESET) refers (Special) to heapauxi.o(.text) for __use_two_region_memory
    startup_stm32f446xx.o(RESET) refers to startup_stm32f446xx.o(STACK) for __initial_sp
    startup_stm32f446xx.o(RESET) refers to startup_stm32f446xx.o(.text) for Reset_Handler
    startup_stm32f446xx.o(RESET) refers to lto-llvm-4da49d.o(.text.NMI_Handler) for NMI_Handler
    startup_stm32f446xx.o(RESET) refers to lto-llvm-4da49d.o(.text.HardFault_Handler) for HardFault_Handler
    startup_stm32f446xx.o(RESET) refers to lto-llvm-4da49d.o(.text.MemManage_Handler) for MemManage_Handler
    startup_stm32f446xx.o(RESET) refers to lto-llvm-4da49d.o(.text.BusFault_Handler) for BusFault_Handler
    startup_stm32f446xx.o(RESET) refers to lto-llvm-4da49d.o(.text.UsageFault_Handler) for UsageFault_Handler
    startup_stm32f446xx.o(RESET) refers to lto-llvm-4da49d.o(.text.SVC_Handler) for SVC_Handler
    startup_stm32f446xx.o(RESET) refers to lto-llvm-4da49d.o(.text.DebugMon_Handler) for DebugMon_Handler
    startup_stm32f446xx.o(RESET) refers to lto-llvm-4da49d.o(.text.PendSV_Handler) for PendSV_Handler
    startup_stm32f446xx.o(RESET) refers to lto-llvm-4da49d.o(.text.SysTick_Handler) for SysTick_Handler
    startup_stm32f446xx.o(RESET) refers to lto-llvm-4da49d.o(.text.EXTI3_IRQHandler) for EXTI3_IRQHandler
    startup_stm32f446xx.o(RESET) refers to lto-llvm-4da49d.o(.text.ADC_IRQHandler) for ADC_IRQHandler
    startup_stm32f446xx.o(RESET) refers to lto-llvm-4da49d.o(.text.CAN1_RX0_IRQHandler) for CAN1_RX0_IRQHandler
    startup_stm32f446xx.o(RESET) refers to lto-llvm-4da49d.o(.text.CAN1_RX1_IRQHandler) for CAN1_RX1_IRQHandler
    startup_stm32f446xx.o(RESET) refers to lto-llvm-4da49d.o(.text.USART1_IRQHandler) for USART1_IRQHandler
    startup_stm32f446xx.o(RESET) refers to lto-llvm-4da49d.o(.text.DMA2_Stream0_IRQHandler) for DMA2_Stream0_IRQHandler
    startup_stm32f446xx.o(RESET) refers to lto-llvm-4da49d.o(.text.DMA2_Stream7_IRQHandler) for DMA2_Stream7_IRQHandler
    startup_stm32f446xx.o(.text) refers (Special) to heapauxi.o(.text) for __use_two_region_memory
    startup_stm32f446xx.o(.text) refers to lto-llvm-4da49d.o(.text.SystemInit) for SystemInit
    startup_stm32f446xx.o(.text) refers to __main.o(!!!main) for __main
    startup_stm32f446xx.o(.text) refers to startup_stm32f446xx.o(HEAP) for Heap_Mem
    startup_stm32f446xx.o(.text) refers to startup_stm32f446xx.o(STACK) for Stack_Mem
    _sprintf.o(.text) refers (Special) to _printf_a.o(.ARM.Collect$$_printf_percent$$00000006) for _printf_a
    _sprintf.o(.text) refers (Special) to _printf_c.o(.ARM.Collect$$_printf_percent$$00000013) for _printf_c
    _sprintf.o(.text) refers (Special) to _printf_charcount.o(.text) for _printf_charcount
    _sprintf.o(.text) refers (Special) to _printf_d.o(.ARM.Collect$$_printf_percent$$00000009) for _printf_d
    _sprintf.o(.text) refers (Special) to _printf_e.o(.ARM.Collect$$_printf_percent$$00000004) for _printf_e
    _sprintf.o(.text) refers (Special) to _printf_f.o(.ARM.Collect$$_printf_percent$$00000003) for _printf_f
    _sprintf.o(.text) refers (Special) to _printf_g.o(.ARM.Collect$$_printf_percent$$00000005) for _printf_g
    _sprintf.o(.text) refers (Special) to _printf_i.o(.ARM.Collect$$_printf_percent$$00000008) for _printf_i
    _sprintf.o(.text) refers (Special) to _printf_dec.o(.text) for _printf_int_dec
    _sprintf.o(.text) refers (Special) to _printf_l.o(.ARM.Collect$$_printf_percent$$00000012) for _printf_l
    _sprintf.o(.text) refers (Special) to _printf_lc.o(.ARM.Collect$$_printf_percent$$00000015) for _printf_lc
    _sprintf.o(.text) refers (Special) to _printf_ll.o(.ARM.Collect$$_printf_percent$$00000007) for _printf_ll
    _sprintf.o(.text) refers (Special) to _printf_lld.o(.ARM.Collect$$_printf_percent$$0000000E) for _printf_lld
    _sprintf.o(.text) refers (Special) to _printf_lli.o(.ARM.Collect$$_printf_percent$$0000000D) for _printf_lli
    _sprintf.o(.text) refers (Special) to _printf_llo.o(.ARM.Collect$$_printf_percent$$00000010) for _printf_llo
    _sprintf.o(.text) refers (Special) to _printf_llu.o(.ARM.Collect$$_printf_percent$$0000000F) for _printf_llu
    _sprintf.o(.text) refers (Special) to _printf_llx.o(.ARM.Collect$$_printf_percent$$00000011) for _printf_llx
    _sprintf.o(.text) refers (Special) to _printf_longlong_dec.o(.text) for _printf_longlong_dec
    _sprintf.o(.text) refers (Special) to _printf_hex_int_ll_ptr.o(.text) for _printf_longlong_hex
    _sprintf.o(.text) refers (Special) to _printf_oct_int_ll.o(.text) for _printf_longlong_oct
[...]
    OTG_HS_WKUP_IRQHandler                   0x0800034b   Thumb Code     0  startup_stm32f446xx.o(.text)
    PVD_IRQHandler                           0x0800034b   Thumb Code     0  startup_stm32f446xx.o(.text)
    QUADSPI_IRQHandler                       0x0800034b   Thumb Code     0  startup_stm32f446xx.o(.text)
    RCC_IRQHandler                           0x0800034b   Thumb Code     0  startup_stm32f446xx.o(.text)
    RTC_Alarm_IRQHandler                     0x0800034b   Thumb Code     0  startup_stm32f446xx.o(.text)
    RTC_WKUP_IRQHandler                      0x0800034b   Thumb Code     0  startup_stm32f446xx.o(.text)
    SAI1_IRQHandler                          0x0800034b   Thumb Code     0  startup_stm32f446xx.o(.text)
    SAI2_IRQHandler                          0x0800034b   Thumb Code     0  startup_stm32f446xx.o(.text)
    SDIO_IRQHandler                          0x0800034b   Thumb Code     0  startup_stm32f446xx.o(.text)
    SPDIF_RX_IRQHandler                      0x0800034b   Thumb Code     0  startup_stm32f446xx.o(.text)
    SPI1_IRQHandler                          0x0800034b   Thumb Code     0  startup_stm32f446xx.o(.text)
    SPI2_IRQHandler                          0x0800034b   Thumb Code     0  startup_stm32f446xx.o(.text)
    SPI3_IRQHandler                          0x0800034b   Thumb Code     0  startup_stm32f446xx.o(.text)
    SPI4_IRQHandler                          0x0800034b   Thumb Code     0  startup_stm32f446xx.o(.text)
    TAMP_STAMP_IRQHandler                    0x0800034b   Thumb Code     0  startup_stm32f446xx.o(.text)
    TIM1_BRK_TIM9_IRQHandler                 0x0800034b   Thumb Code     0  startup_stm32f446xx.o(.text)
    TIM1_CC_IRQHandler                       0x0800034b   Thumb Code     0  startup_stm32f446xx.o(.text)
    TIM1_TRG_COM_TIM11_IRQHandler            0x0800034b   Thumb Code     0  startup_stm32f446xx.o(.text)
    TIM1_UP_TIM10_IRQHandler                 0x0800034b   Thumb Code     0  startup_stm32f446xx.o(.text)
    TIM2_IRQHandler                          0x0800034b   Thumb Code     0  startup_stm32f446xx.o(.text)
    TIM3_IRQHandler                          0x0800034b   Thumb Code     0  startup_stm32f446xx.o(.text)
    TIM4_IRQHandler                          0x0800034b   Thumb Code     0  startup_stm32f446xx.o(.text)
    TIM5_IRQHandler                          0x0800034b   Thumb Code     0  startup_stm32f446xx.o(.text)
    TIM6_DAC_IRQHandler                      0x0800034b   Thumb Code     0  startup_stm32f446xx.o(.text)
    TIM7_IRQHandler                          0x0800034b   Thumb Code     0  startup_stm32f446xx.o(.text)
    TIM8_BRK_TIM12_IRQHandler                0x0800034b   Thumb Code     0  startup_stm32f446xx.o(.text)
    TIM8_CC_IRQHandler                       0x0800034b   Thumb Code     0  startup_stm32f446xx.o(.text)
    TIM8_TRG_COM_TIM14_IRQHandler            0x0800034b   Thumb Code     0  startup_stm32f446xx.o(.text)
    TIM8_UP_TIM13_IRQHandler                 0x0800034b   Thumb Code     0  startup_stm32f446xx.o(.text)
    UART4_IRQHandler                         0x0800034b   Thumb Code     0  startup_stm32f446xx.o(.text)
    UART5_IRQHandler                         0x0800034b   Thumb Code     0  startup_stm32f446xx.o(.text)
    USART2_IRQHandler                        0x0800034b   Thumb Code     0  startup_stm32f446xx.o(.text)
    USART3_IRQHandler                        0x0800034b   Thumb Code     0  startup_stm32f446xx.o(.text)
    USART6_IRQHandler                        0x0800034b   Thumb Code     0  startup_stm32f446xx.o(.text)
    WWDG_IRQHandler                          0x0800034b   Thumb Code     0  startup_stm32f446xx.o(.text)
    __user_initial_stackheap                 0x0800034d   Thumb Code     0  startup_stm32f446xx.o(.text)
    _sprintf                                 0x08000371   Thumb Code    38  _sprintf.o(.text)
    __use_two_region_memory                  0x0800039d   Thumb Code     2  heapauxi.o(.text)
    __rt_heap_escrow$2region                 0x0800039f   Thumb Code     2  heapauxi.o(.text)
    __rt_heap_expand$2region                 0x080003a1   Thumb Code     2  heapauxi.o(.text)
    __read_errno                             0x080003a3   Thumb Code    10  _rserrno.o(.text)
    __set_errno                              0x080003ad   Thumb Code    12  _rserrno.o(.text)
    _printf_pre_padding                      0x080003b9   Thumb Code    44  _printf_pad.o(.text)
    _printf_post_padding                     0x080003e5   Thumb Code    34  _printf_pad.o(.text)
    _printf_truncate_signed                  0x08000407   Thumb Code    18  _printf_truncate.o(.text)
    _printf_truncate_unsigned                0x08000419   Thumb Code    18  _printf_truncate.o(.text)
    _printf_str                              0x0800042b   Thumb Code    82  _printf_str.o(.text)
    _printf_int_dec                          0x0800047d   Thumb Code   104  _printf_dec.o(.text)
    _printf_charcount                        0x080004f5   Thumb Code    40  _printf_charcount.o(.text)
    _printf_char_common                      0x08000527   Thumb Code    32  _printf_char_common.o(.text)
    _sputc                                   0x0800054d   Thumb Code    10  _sputc.o(.text)
    _printf_wctomb                           0x08000559   Thumb Code   182  _printf_wctomb.o(.text)
    _printf_longlong_dec                     0x08000615   Thumb Code   108  _printf_longlong_dec.o(.text)
    _printf_longlong_oct                     0x08000691   Thumb Code    68  _printf_oct_int_ll.o(.text)
    _printf_int_oct                          0x080006d5   Thumb Code    24  _printf_oct_int_ll.o(.text)
    _printf_ll_oct                           0x080006ed   Thumb Code    12  _printf_oct_int_ll.o(.text)
    _printf_longlong_hex                     0x08000701   Thumb Code    86  _printf_hex_int_ll_ptr.o(.text)
    _printf_int_hex                          0x08000757   Thumb Code    28  _printf_hex_int_ll_ptr.o(.text)
    _printf_ll_hex                           0x08000773   Thumb Code    12  _printf_hex_int_ll_ptr.o(.text)
    _printf_hex_ptr                          0x0800077f   Thumb Code    18  _printf_hex_int_ll_ptr.o(.text)
    __printf                                 0x08000795   Thumb Code   388  __printf_flags_ss_wp.o(.text)
    __aeabi_errno_addr                       0x0800091d   Thumb Code     8  rt_errno_addr_intlibspace.o(.text)
    __errno$intlibspace                      0x0800091d   Thumb Code     0  rt_errno_addr_intlibspace.o(.text)
    __rt_errno_addr$intlibspace              0x0800091d   Thumb Code     0  rt_errno_addr_intlibspace.o(.text)
    _ll_udiv10                               0x08000925   Thumb Code   138  lludiv10.o(.text)
    _printf_int_common                       0x080009af   Thumb Code   178  _printf_intcommon.o(.text)
    _printf_cs_common                        0x08000a61   Thumb Code    20  _printf_char.o(.text)
    _printf_char                             0x08000a75   Thumb Code    16  _printf_char.o(.text)
    _printf_string                           0x08000a85   Thumb Code     8  _printf_char.o(.text)
    _printf_lcs_common                       0x08000a8d   Thumb Code    20  _printf_wchar.o(.text)
    _printf_wchar                            0x08000aa1   Thumb Code    16  _printf_wchar.o(.text)
    _printf_wstring                          0x08000ab1   Thumb Code     8  _printf_wchar.o(.text)
    _c32rtomb                                0x08000ab9   Thumb Code    72  _c32rtomb.o(.text)
    _wcrtomb                                 0x08000ab9   Thumb Code     0  _c32rtomb.o(.text)
    __user_libspace                          0x08000b01   Thumb Code     8  libspace.o(.text)
    __user_perproc_libspace                  0x08000b01   Thumb Code     0  libspace.o(.text)
    __user_perthread_libspace                0x08000b01   Thumb Code     0  libspace.o(.text)
    __user_setup_stackheap                   0x08000b09   Thumb Code    74  sys_stackheap_outer.o(.text)
    __rt_ctype_table                         0x08000b55   Thumb Code    16  rt_ctype_table.o(.text)
    exit                                     0x08000b65   Thumb Code    18  exit.o(.text)
    __rt_locale                              0x08000b79   Thumb Code     8  rt_locale_intlibspace.o(.text)
    strcmp                                   0x08000b81   Thumb Code   124  strcmpv7em.o(.text)
    _sys_exit                                0x08000bfd   Thumb Code     8  sys_exit.o(.text)
    __I$use$semihosting                      0x08000c09   Thumb Code     0  use_no_semi.o(.text)
    __use_no_semihosting_swi                 0x08000c09   Thumb Code     2  use_no_semi.o(.text)
    __aeabi_uldivmod                         0x08000c0b   Thumb Code     0  lludivv7m.o(.text)
    __semihosting_library_function           0x08000c0b   Thumb Code     0  indicate_semi.o(.text)
    _ll_udiv                                 0x08000c0b   Thumb Code   240  lludivv7m.o(.text)
    __aeabi_memclr4                          0x08000cfb   Thumb Code     0  rt_memclr_w.o(.text)
    __aeabi_memclr8                          0x08000cfb   Thumb Code     0  rt_memclr_w.o(.text)
    __rt_memclr_w                            0x08000cfb   Thumb Code     0  rt_memclr_w.o(.text)
    _memset_w                                0x08000cff   Thumb Code    74  rt_memclr_w.o(.text)
    ADC_IRQHandler                           0x08001069   Thumb Code  1192  lto-llvm-4da49d.o(.text.ADC_IRQHandler)
    BusFault_Handler                         0x080016a5   Thumb Code     4  lto-llvm-4da49d.o(.text.BusFault_Handler)
    CAN1_RX0_IRQHandler                      0x080016a9   Thumb Code     8  lto-llvm-4da49d.o(.text.CAN1_RX0_IRQHandler)
    CAN1_RX1_IRQHandler                      0x080016b1   Thumb Code     8  lto-llvm-4da49d.o(.text.CAN1_RX1_IRQHandler)
    DMA2_Stream0_IRQHandler                  0x08002319   Thumb Code    16  lto-llvm-4da49d.o(.text.DMA2_Stream0_IRQHandler)
    DMA2_Stream7_IRQHandler                  0x08002329   Thumb Code    16  lto-llvm-4da49d.o(.text.DMA2_Stream7_IRQHandler)
    DebugMon_Handler                         0x080024b5   Thumb Code     2  lto-llvm-4da49d.o(.text.DebugMon_Handler)
    EXTI3_IRQHandler                         0x080025c1   Thumb Code    18  lto-llvm-4da49d.o(.text.EXTI3_IRQHandler)
    HardFault_Handler                        0x080076cd   Thumb Code    64  lto-llvm-4da49d.o(.text.HardFault_Handler)
    MemManage_Handler                        0x08009625   Thumb Code     4  lto-llvm-4da49d.o(.text.MemManage_Handler)
    NMI_Handler                              0x08009629   Thumb Code     2  lto-llvm-4da49d.o(.text.NMI_Handler)
    PendSV_Handler                           0x08009ae1   Thumb Code     2  lto-llvm-4da49d.o(.text.PendSV_Handler)
    SVC_Handler                              0x0800aa61   Thumb Code     2  lto-llvm-4da49d.o(.text.SVC_Handler)
    SysTick_Handler                          0x0800b1fd   Thumb Code     8  lto-llvm-4da49d.o(.text.SysTick_Handler)
    SystemInit                               0x0800b2cd   Thumb Code   110  lto-llvm-4da49d.o(.text.SystemInit)
    USART1_IRQHandler                        0x0800babd   Thumb Code     8  lto-llvm-4da49d.o(.text.USART1_IRQHandler)
    UsageFault_Handler                       0x0800bac5   Thumb Code     4  lto-llvm-4da49d.o(.text.UsageFault_Handler)
    main                                     0x0800c34d   Thumb Code   176  lto-llvm-4da49d.o(.text.main)
    __hardfp_sqrtf                           0x0800c401   Thumb Code    58  sqrtf.o(i.__hardfp_sqrtf)
    _is_digit                                0x0800c43b   Thumb Code    14  __printf_wp.o(i._is_digit)
    _get_lc_ctype                            0x0800c449   Thumb Code    44  lc_ctype_c.o(locale$$code)
    __aeabi_d2f                              0x0800c475   Thumb Code     0  d2f.o(x$fpl$d2f)
    _d2f                                     0x0800c475   Thumb Code    98  d2f.o(x$fpl$d2f)
    __fpl_dcmp_Inf                           0x0800c4d7   Thumb Code    24  dcmpi.o(x$fpl$dcmpinf)
    __aeabi_ddiv                             0x0800c4f1   Thumb Code     0  ddiv.o(x$fpl$ddiv)
    _ddiv                                    0x0800c4f1   Thumb Code   560  ddiv.o(x$fpl$ddiv)
    __aeabi_cdcmpeq                          0x0800c7a9   Thumb Code     0  deqf.o(x$fpl$deqf)
    _dcmpeq                                  0x0800c7a9   Thumb Code   120  deqf.o(x$fpl$deqf)
    __aeabi_d2iz                             0x0800c821   Thumb Code     0  dfix.o(x$fpl$dfix)
    _dfix                                    0x0800c821   Thumb Code    94  dfix.o(x$fpl$dfix)
    __aeabi_i2d                              0x0800c87f   Thumb Code     0  dflt_clz.o(x$fpl$dflt)
    _dflt                                    0x0800c87f   Thumb Code    46  dflt_clz.o(x$fpl$dflt)
    __aeabi_cdcmpge                          0x0800c8ad   Thumb Code     0  dgeqf.o(x$fpl$dgeqf)
    _dcmpge                                  0x0800c8ad   Thumb Code   120  dgeqf.o(x$fpl$dgeqf)
    __aeabi_cdcmple                          0x0800c925   Thumb Code     0  dleqf.o(x$fpl$dleqf)
    _dcmple                                  0x0800c925   Thumb Code   120  dleqf.o(x$fpl$dleqf)
    __fpl_dcmple_InfNaN                      0x0800c987   Thumb Code     0  dleqf.o(x$fpl$dleqf)
    __aeabi_dmul                             0x0800c99d   Thumb Code     0  dmul.o(x$fpl$dmul)
    _dmul                                    0x0800c99d   Thumb Code   332  dmul.o(x$fpl$dmul)
    __fpl_dnaninf                            0x0800caf1   Thumb Code   156  dnaninf.o(x$fpl$dnaninf)
    __fpl_dretinf                            0x0800cb8d   Thumb Code    12  dretinf.o(x$fpl$dretinf)
    __aeabi_f2d                              0x0800cb99   Thumb Code     0  f2d.o(x$fpl$f2d)
    _f2d                                     0x0800cb99   Thumb Code    86  f2d.o(x$fpl$f2d)
    __aeabi_dcmpeq                           0x0800cbef   Thumb Code     0  dcmp.o(x$fpl$fcmp)
    _deq                                     0x0800cbef   Thumb Code    14  dcmp.o(x$fpl$fcmp)
    _dneq                                    0x0800cbfd   Thumb Code    14  dcmp.o(x$fpl$fcmp)
    __aeabi_dcmpgt                           0x0800cc0b   Thumb Code     0  dcmp.o(x$fpl$fcmp)
    _dgr                                     0x0800cc0b   Thumb Code    14  dcmp.o(x$fpl$fcmp)
    __aeabi_dcmpge                           0x0800cc19   Thumb Code     0  dcmp.o(x$fpl$fcmp)
    _dgeq                                    0x0800cc19   Thumb Code    14  dcmp.o(x$fpl$fcmp)
    __aeabi_dcmple                           0x0800cc27   Thumb Code     0  dcmp.o(x$fpl$fcmp)
    _dleq                                    0x0800cc27   Thumb Code    14  dcmp.o(x$fpl$fcmp)
    __aeabi_dcmplt                           0x0800cc35   Thumb Code     0  dcmp.o(x$fpl$fcmp)
    _dls                                     0x0800cc35   Thumb Code    14  dcmp.o(x$fpl$fcmp)
    __fpl_fnaninf                            0x0800cc43   Thumb Code   140  fnaninf.o(x$fpl$fnaninf)
    _fp_init                                 0x0800cccf   Thumb Code    26  fpinit.o(x$fpl$fpinit)
    __fplib_config_fpu_vfp                   0x0800cce7   Thumb Code     0  fpinit.o(x$fpl$fpinit)
    __fplib_config_pureend_doubles           0x0800cce7   Thumb Code     0  fpinit.o(x$fpl$fpinit)
    __fpl_fretinf                            0x0800cce9   Thumb Code    10  fretinf.o(x$fpl$fretinf)
    __I$use$fp                               0x0800ccf2   Number         0  usenofp.o(x$fpl$usenofp)
    Region$$Table$$Base                      0x0800d728   Number         0  anon$$obj.o(Region$$Table)
    Region$$Table$$Limit                     0x0800d748   Number         0  anon$$obj.o(Region$$Table)
    __ctype                                  0x0800d755   Data           0  lc_ctype_c.o(locale$$data)
    __libspace_start                         0x20000028   Data          96  libspace.o(.bss)
    __temporary_stack_top$libspace           0x20000088   Data           0  libspace.o(.bss)



==============================================================================

Memory Map of the image

  Image Entry point : 0x080001c5

  Load Region LR_IROM1 (Base: 0x08000000, Size: 0x0000d880, Max: 0x00080000, ABSOLUTE)

    Execution Region ER_IROM1 (Exec base: 0x08000000, Load base: 0x08000000, Size: 0x0000d858, Max: 0x00080000, ABSOLUTE)

    Exec Addr    Load Addr    Size         Type   Attr      Idx    E Section Name        Object

    0x08000000   0x08000000   0x000001c4   Data   RO            3    RESET               startup_stm32f446xx.o
    0x080001c4   0x080001c4   0x00000008   Code   RO           93  * !!!main             c_wu.l(__main.o)
    0x080001cc   0x080001cc   0x0000005c   Code   RO         1133    !!!scatter          c_wu.l(__scatter.o)
    0x08000228   0x08000228   0x0000001a   Code   RO         1137    !!handler_copy      c_wu.l(__scatter_copy.o)
    0x08000242   0x08000242   0x00000002   PAD
    0x08000244   0x08000244   0x00000002   Code   RO         1134    !!handler_null      c_wu.l(__scatter.o)
    0x08000246   0x08000246   0x00000002   PAD
    0x08000248   0x08000248   0x0000001c   Code   RO         1139    !!handler_zi        c_wu.l(__scatter_zi.o)
    0x08000264   0x08000264   0x00000000   Code   RO          191    .ARM.Collect$$_printf_percent$$00000000  c_wu.l(_printf_percent.o)
    0x08000264   0x08000264   0x00000006   Code   RO          180    .ARM.Collect$$_printf_percent$$00000001  c_wu.l(_printf_n.o)
    0x0800026a   0x0800026a   0x00000006   Code   RO          182    .ARM.Collect$$_printf_percent$$00000002  c_wu.l(_printf_p.o)
    0x08000270   0x08000270   0x00000006   Code   RO          187    .ARM.Collect$$_printf_percent$$00000003  c_wu.l(_printf_f.o)
    0x08000276   0x08000276   0x00000006   Code   RO          188    .ARM.Collect$$_printf_percent$$00000004  c_wu.l(_printf_e.o)
    0x0800027c   0x0800027c   0x00000006   Code   RO          189    .ARM.Collect$$_printf_percent$$00000005  c_wu.l(_printf_g.o)
    0x08000282   0x08000282   0x00000006   Code   RO          190    .ARM.Collect$$_printf_percent$$00000006  c_wu.l(_printf_a.o)
    0x08000288   0x08000288   0x0000000a   Code   RO          195    .ARM.Collect$$_printf_percent$$00000007  c_wu.l(_printf_ll.o)
    0x08000292   0x08000292   0x00000006   Code   RO          184    .ARM.Collect$$_printf_percent$$00000008  c_wu.l(_printf_i.o)
    0x08000298   0x08000298   0x00000006   Code   RO          185    .ARM.Collect$$_printf_percent$$00000009  c_wu.l(_printf_d.o)
    0x0800029e   0x0800029e   0x00000006   Code   RO          186    .ARM.Collect$$_printf_percent$$0000000A  c_wu.l(_printf_u.o)
    0x080002a4   0x080002a4   0x00000006   Code   RO          183    .ARM.Collect$$_printf_percent$$0000000B  c_wu.l(_printf_o.o)
    0x080002aa   0x080002aa   0x00000006   Code   RO          181    .ARM.Collect$$_printf_percent$$0000000C  c_wu.l(_printf_x.o)
    0x080002b0   0x080002b0   0x00000006   Code   RO          192    .ARM.Collect$$_printf_percent$$0000000D  c_wu.l(_printf_lli.o)
    0x080002b6   0x080002b6   0x00000006   Code   RO          193    .ARM.Collect$$_printf_percent$$0000000E  c_wu.l(_printf_lld.o)
    0x080002bc   0x080002bc   0x00000006   Code   RO          194    .ARM.Collect$$_printf_percent$$0000000F  c_wu.l(_printf_llu.o)
    0x080002c2   0x080002c2   0x00000006   Code   RO          199    .ARM.Collect$$_printf_percent$$00000010  c_wu.l(_printf_llo.o)
    0x080002c8   0x080002c8   0x00000006   Code   RO          200    .ARM.Collect$$_printf_percent$$00000011  c_wu.l(_printf_llx.o)
    0x080002ce   0x080002ce   0x0000000a   Code   RO          196    .ARM.Collect$$_printf_percent$$00000012  c_wu.l(_printf_l.o)
    0x080002d8   0x080002d8   0x00000006   Code   RO          178    .ARM.Collect$$_printf_percent$$00000013  c_wu.l(_printf_c.o)
    0x080002de   0x080002de   0x00000006   Code   RO          179    .ARM.Collect$$_printf_percent$$00000014  c_wu.l(_printf_s.o)
    0x080002e4   0x080002e4   0x00000006   Code   RO          197    .ARM.Collect$$_printf_percent$$00000015  c_wu.l(_printf_lc.o)
    0x080002ea   0x080002ea   0x00000006   Code   RO          198    .ARM.Collect$$_printf_percent$$00000016  c_wu.l(_printf_ls.o)
    0x080002f0   0x080002f0   0x00000004   Code   RO          248    .ARM.Collect$$_printf_percent$$00000017  c_wu.l(_printf_percent_end.o)
    0x080002f4   0x080002f4   0x00000002   Code   RO          265    .ARM.Collect$$libinit$$00000000  c_wu.l(libinit.o)
    0x080002f6   0x080002f6   0x00000004   Code   RO          276    .ARM.Collect$$libinit$$00000001  c_wu.l(libinit2.o)
    0x080002fa   0x080002fa   0x00000000   Code   RO          279    .ARM.Collect$$libinit$$00000004  c_wu.l(libinit2.o)
    0x080002fa   0x080002fa   0x00000000   Code   RO          281    .ARM.Collect$$libinit$$00000006  c_wu.l(libinit2.o)
    0x080002fa   0x080002fa   0x00000000   Code   RO          284    .ARM.Collect$$libinit$$0000000C  c_wu.l(libinit2.o)
    0x080002fa   0x080002fa   0x00000000   Code   RO          286    .ARM.Collect$$libinit$$0000000E  c_wu.l(libinit2.o)
    0x080002fa   0x080002fa   0x00000000   Code   RO          288    .ARM.Collect$$libinit$$00000010  c_wu.l(libinit2.o)
    0x080002fa   0x080002fa   0x00000006   Code   RO          289    .ARM.Collect$$libinit$$00000011  c_wu.l(libinit2.o)
    0x08000300   0x08000300   0x00000000   Code   RO          291    .ARM.Collect$$libinit$$00000013  c_wu.l(libinit2.o)
    0x08000300   0x08000300   0x0000000c   Code   RO          292    .ARM.Collect$$libinit$$00000014  c_wu.l(libinit2.o)
    0x0800030c   0x0800030c   0x00000000   Code   RO          293    .ARM.Collect$$libinit$$00000015  c_wu.l(libinit2.o)
    0x0800030c   0x0800030c   0x00000000   Code   RO          295    .ARM.Collect$$libinit$$00000017  c_wu.l(libinit2.o)
    0x0800030c   0x0800030c   0x00000000   Code   RO          297    .ARM.Collect$$libinit$$00000019  c_wu.l(libinit2.o)
    0x0800030c   0x0800030c   0x00000000   Code   RO          299    .ARM.Collect$$libinit$$0000001B  c_wu.l(libinit2.o)
    0x0800030c   0x0800030c   0x00000000   Code   RO          301    .ARM.Collect$$libinit$$0000001D  c_wu.l(libinit2.o)
    0x0800030c   0x0800030c   0x00000000   Code   RO          303    .ARM.Collect$$libinit$$0000001F  c_wu.l(libinit2.o)
    0x0800030c   0x0800030c   0x00000000   Code   RO          305    .ARM.Collect$$libinit$$00000021  c_wu.l(libinit2.o)
    0x0800030c   0x0800030c   0x00000000   Code   RO          307    .ARM.Collect$$libinit$$00000023  c_wu.l(libinit2.o)
    0x0800030c   0x0800030c   0x00000000   Code   RO          309    .ARM.Collect$$libinit$$00000025  c_wu.l(libinit2.o)
    0x0800030c   0x0800030c   0x00000000   Code   RO          311    .ARM.Collect$$libinit$$00000027  c_wu.l(libinit2.o)
    0x0800030c   0x0800030c   0x00000000   Code   RO          315    .ARM.Collect$$libinit$$0000002E  c_wu.l(libinit2.o)
    0x0800030c   0x0800030c   0x00000000   Code   RO          317    .ARM.Collect$$libinit$$00000030  c_wu.l(libinit2.o)
    0x0800030c   0x0800030c   0x00000000   Code   RO          319    .ARM.Collect$$libinit$$00000032  c_wu.l(libinit2.o)
    0x0800030c   0x0800030c   0x00000000   Code   RO          321    .ARM.Collect$$libinit$$00000034  c_wu.l(libinit2.o)
    0x0800030c   0x0800030c   0x00000002   Code   RO          322    .ARM.Collect$$libinit$$00000035  c_wu.l(libinit2.o)
    0x0800030e   0x0800030e   0x00000002   Code   RO          346    .ARM.Collect$$libshutdown$$00000000  c_wu.l(libshutdown.o)
    0x08000310   0x08000310   0x00000000   Code   RO          361    .ARM.Collect$$libshutdown$$00000002  c_wu.l(libshutdown2.o)
    0x08000310   0x08000310   0x00000000   Code   RO          363    .ARM.Collect$$libshutdown$$00000004  c_wu.l(libshutdown2.o)
    0x08000310   0x08000310   0x00000000   Code   RO          366    .ARM.Collect$$libshutdown$$00000007  c_wu.l(libshutdown2.o)
    0x08000310   0x08000310   0x00000000   Code   RO          369    .ARM.Collect$$libshutdown$$0000000A  c_wu.l(libshutdown2.o)
    0x08000310   0x08000310   0x00000000   Code   RO          371    .ARM.Collect$$libshutdown$$0000000C  c_wu.l(libshutdown2.o)
    0x08000310   0x08000310   0x00000000   Code   RO          374    .ARM.Collect$$libshutdown$$0000000F  c_wu.l(libshutdown2.o)
    0x08000310   0x08000310   0x00000002   Code   RO          375    .ARM.Collect$$libshutdown$$00000010  c_wu.l(libshutdown2.o)
    0x08000312   0x08000312   0x00000000   Code   RO          107    .ARM.Collect$$rtentry$$00000000  c_wu.l(__rtentry.o)
    0x08000312   0x08000312   0x00000000   Code   RO          219    .ARM.Collect$$rtentry$$00000002  c_wu.l(__rtentry2.o)
    0x08000312   0x08000312   0x00000006   Code   RO          231    .ARM.Collect$$rtentry$$00000004  c_wu.l(__rtentry4.o)
    0x08000318   0x08000318   0x00000000   Code   RO          221    .ARM.Collect$$rtentry$$00000009  c_wu.l(__rtentry2.o)
    0x08000318   0x08000318   0x00000004   Code   RO          222    .ARM.Collect$$rtentry$$0000000A  c_wu.l(__rtentry2.o)
    0x0800031c   0x0800031c   0x00000000   Code   RO          224    .ARM.Collect$$rtentry$$0000000C  c_wu.l(__rtentry2.o)
    0x0800031c   0x0800031c   0x00000008   Code   RO          225    .ARM.Collect$$rtentry$$0000000D  c_wu.l(__rtentry2.o)
    0x08000324   0x08000324   0x00000002   Code   RO          266    .ARM.Collect$$rtexit$$00000000  c_wu.l(rtexit.o)
    0x08000326   0x08000326   0x00000000   Code   RO          324    .ARM.Collect$$rtexit$$00000002  c_wu.l(rtexit2.o)
    0x08000326   0x08000326   0x00000004   Code   RO          325    .ARM.Collect$$rtexit$$00000003  c_wu.l(rtexit2.o)
    0x0800032a   0x0800032a   0x00000006   Code   RO          326    .ARM.Collect$$rtexit$$00000004  c_wu.l(rtexit2.o)
    0x08000330   0x08000330   0x00000040   Code   RO            4    .text               startup_stm32f446xx.o
    0x08000370   0x08000370   0x0000002c   Code   RO           89    .text               c_wu.l(_sprintf.o)
    0x0800039c   0x0800039c   0x00000006   Code   RO           91    .text               c_wu.l(heapauxi.o)
    0x080003a2   0x080003a2   0x00000016   Code   RO          108    .text               c_wu.l(_rserrno.o)
    0x080003b8   0x080003b8   0x0000004e   Code   RO          112    .text               c_wu.l(_printf_pad.o)
    0x08000406   0x08000406   0x00000024   Code   RO          114    .text               c_wu.l(_printf_truncate.o)
    0x0800042a   0x0800042a   0x00000052   Code   RO          116    .text               c_wu.l(_printf_str.o)
    0x0800047c   0x0800047c   0x00000078   Code   RO          118    .text               c_wu.l(_printf_dec.o)
    0x080004f4   0x080004f4   0x00000028   Code   RO          120    .text               c_wu.l(_printf_charcount.o)
    0x0800051c   0x0800051c   0x00000030   Code   RO          122    .text               c_wu.l(_printf_char_common.o)
    0x0800054c   0x0800054c   0x0000000a   Code   RO          124    .text               c_wu.l(_sputc.o)
    0x08000556   0x08000556   0x00000002   PAD
    0x08000558   0x08000558   0x000000bc   Code   RO          126    .text               c_wu.l(_printf_wctomb.o)
    0x08000614   0x08000614   0x0000007c   Code   RO          129    .text               c_wu.l(_printf_longlong_dec.o)
    0x08000690   0x08000690   0x00000070   Code   RO          135    .text               c_wu.l(_printf_oct_int_ll.o)
    0x08000700   0x08000700   0x00000094   Code   RO          155    .text               c_wu.l(_printf_hex_int_ll_ptr.o)
    0x08000794   0x08000794   0x00000188   Code   RO          175    .text               c_wu.l(__printf_flags_ss_wp.o)
    0x0800091c   0x0800091c   0x00000008   Code   RO          236    .text               c_wu.l(rt_errno_addr_intlibspace.o)
    0x08000924   0x08000924   0x0000008a   Code   RO          238    .text               c_wu.l(lludiv10.o)
    0x080009ae   0x080009ae   0x000000b2   Code   RO          240    .text               c_wu.l(_printf_intcommon.o)
    0x08000a60   0x08000a60   0x0000002c   Code   RO          244    .text               c_wu.l(_printf_char.o)
    0x08000a8c   0x08000a8c   0x0000002c   Code   RO          246    .text               c_wu.l(_printf_wchar.o)
    0x08000ab8   0x08000ab8   0x00000048   Code   RO          249    .text               c_wu.l(_c32rtomb.o)
    0x08000b00   0x08000b00   0x00000008   Code   RO          251    .text               c_wu.l(libspace.o)
    0x08000b08   0x08000b08   0x0000004a   Code   RO          254    .text               c_wu.l(sys_stackheap_outer.o)
    0x08000b52   0x08000b52   0x00000002   PAD
    0x08000b54   0x08000b54   0x00000010   Code   RO          256    .text               c_wu.l(rt_ctype_table.o)
    0x08000b64   0x08000b64   0x00000012   Code   RO          258    .text               c_wu.l(exit.o)
    0x08000b76   0x08000b76   0x00000002   PAD
    0x08000b78   0x08000b78   0x00000008   Code   RO          271    .text               c_wu.l(rt_locale_intlibspace.o)
    0x08000b80   0x08000b80   0x0000007c   Code   RO          330    .text               c_wu.l(strcmpv7em.o)
    0x08000bfc   0x08000bfc   0x0000000c   Code   RO          336    .text               c_wu.l(sys_exit.o)
    0x08000c08   0x08000c08   0x00000002   Code   RO          351    .text               c_wu.l(use_no_semi.o)
    0x08000c0a   0x08000c0a   0x00000000   Code   RO          353    .text               c_wu.l(indicate_semi.o)
    0x08000c0a   0x08000c0a   0x000000f0   Code   RO         1079    .text               c_wu.l(lludivv7m.o)
    0x08000cfa   0x08000cfa   0x0000004e   Code   RO         1081    .text               c_wu.l(rt_memclr_w.o)
    0x08000d48   0x08000d48   0x00000070   Code   RO          453    .text.ADCOvercurrentProtection  lto-llvm-4da49d.o
    0x08000db8   0x08000db8   0x000000d4   Code   RO          455    .text.ADCSelfCalibration  lto-llvm-4da49d.o
    0x08000e8c   0x08000e8c   0x000000e6   Code   RO          449    .text.ADC_CMD       lto-llvm-4da49d.o
    0x08000f72   0x08000f72   0x00000002   PAD
    0x08000f74   0x08000f74   0x000000b2   Code   RO          711    .text.ADC_DMAConvCplt  lto-llvm-4da49d.o
    0x08001026   0x08001026   0x00000002   PAD
    0x08001028   0x08001028   0x00000026   Code   RO          715    .text.ADC_DMAError  lto-llvm-4da49d.o
    0x0800104e   0x0800104e   0x00000002   PAD
    0x08001050   0x08001050   0x00000016   Code   RO          713    .text.ADC_DMAHalfConvCplt  lto-llvm-4da49d.o
    0x08001066   0x08001066   0x00000002   PAD
    0x08001068   0x08001068   0x000004b4   Code   RO          589    .text.ADC_IRQHandler  lto-llvm-4da49d.o
    0x0800151c   0x0800151c   0x00000186   Code   RO          703    .text.ADC_Init      lto-llvm-4da49d.o
    0x080016a2   0x080016a2   0x00000002   PAD
    0x080016a4   0x080016a4   0x00000004   Code   RO          561    .text.BusFault_Handler  lto-llvm-4da49d.o
    0x080016a8   0x080016a8   0x00000008   Code   RO          579    .text.CAN1_RX0_IRQHandler  lto-llvm-4da49d.o
    0x080016b0   0x080016b0   0x00000008   Code   RO          581    .text.CAN1_RX1_IRQHandler  lto-llvm-4da49d.o
    0x080016b8   0x080016b8   0x00000068   Code   RO          479    .text.CAN_Enable    lto-llvm-4da49d.o
    0x08001720   0x08001720   0x00000096   Code   RO          465    .text.CAN_Receive   lto-llvm-4da49d.o
    0x080017b6   0x080017b6   0x00000002   PAD
    0x080017b8   0x080017b8   0x000003dc   Code   RO          469    .text.CAN_Respond   lto-llvm-4da49d.o
    0x08001b94   0x08001b94   0x00000128   Code   RO          467    .text.CAN_Transmit  lto-llvm-4da49d.o
    0x08001cbc   0x08001cbc   0x00000034   Code   RO          607    .text.CalculateEleTorque  lto-llvm-4da49d.o
    0x08001cf0   0x08001cf0   0x00000032   Code   RO          603    .text.ClarkeTransform  lto-llvm-4da49d.o
    0x08001d22   0x08001d22   0x00000006   PAD
    0x08001d28   0x08001d28   0x00000454   Code   RO          671    .text.CorrectPosOffset_Encoder  lto-llvm-4da49d.o
    0x0800217c   0x0800217c   0x00000140   Code   RO          623    .text.CurrentLoop   lto-llvm-4da49d.o
    0x080022bc   0x080022bc   0x0000005c   Code   RO          613    .text.CurrentLoopInit  lto-llvm-4da49d.o
    0x08002318   0x08002318   0x00000010   Code   RO          585    .text.DMA2_Stream0_IRQHandler  lto-llvm-4da49d.o
    0x08002328   0x08002328   0x00000010   Code   RO          587    .text.DMA2_Stream7_IRQHandler  lto-llvm-4da49d.o
    0x08002338   0x08002338   0x00000056   Code   RO          747    .text.DMA_CalcBaseAndBitshift  lto-llvm-4da49d.o
    0x0800238e   0x0800238e   0x00000002   PAD
    0x08002390   0x08002390   0x000000d2   Code   RO          745    .text.DMA_CheckFifoParam  lto-llvm-4da49d.o
    0x08002462   0x08002462   0x00000002   PAD
    0x08002464   0x08002464   0x00000050   Code   RO          749    .text.DMA_SetConfig  lto-llvm-4da49d.o
    0x080024b4   0x080024b4   0x00000002   Code   RO          567    .text.DebugMon_Handler  lto-llvm-4da49d.o
    0x080024b6   0x080024b6   0x00000002   PAD
    0x080024b8   0x080024b8   0x0000004c   Code   RO          611    .text.DriverCtrlModeInit  lto-llvm-4da49d.o
    0x08002504   0x08002504   0x000000ba   Code   RO          609    .text.DriverInit    lto-llvm-4da49d.o
    0x080025be   0x080025be   0x00000002   PAD
    0x080025c0   0x080025c0   0x00000012   Code   RO          573    .text.EXTI3_IRQHandler  lto-llvm-4da49d.o
    0x080025d2   0x080025d2   0x00000002   PAD
    0x080025d4   0x080025d4   0x00000024   Code   RO          651    .text.EncodeErrorDetection  lto-llvm-4da49d.o
    0x080025f8   0x080025f8   0x00000058   Code   RO          647    .text.GetEleAngle   lto-llvm-4da49d.o
    0x08002650   0x08002650   0x00000194   Code   RO          649    .text.GetEleAngularSpeed  lto-llvm-4da49d.o
    0x080027e4   0x080027e4   0x00000014   Code   RO          643    .text.GetEleImformation  lto-llvm-4da49d.o
    0x080027f8   0x080027f8   0x0000004c   Code   RO          663    .text.GetMecAngle   lto-llvm-4da49d.o
    0x08002844   0x08002844   0x0000001a   Code   RO          645    .text.GetMecAngle_AbsoluteMode_15bit  lto-llvm-4da49d.o
    0x0800285e   0x0800285e   0x00000002   PAD
    0x08002860   0x08002860   0x00000170   Code   RO          665    .text.GetMecAngularSpeed  lto-llvm-4da49d.o
    0x080029d0   0x080029d0   0x00000010   Code   RO          661    .text.GetMecImformation  lto-llvm-4da49d.o
    0x080029e0   0x080029e0   0x000000c0   Code   RO          451    .text.GetPhaseCurrent  lto-llvm-4da49d.o
    0x08002aa0   0x08002aa0   0x00000122   Code   RO          667    .text.GetRefMecAngle  lto-llvm-4da49d.o
    0x08002bc2   0x08002bc2   0x00000002   PAD
    0x08002bc4   0x08002bc4   0x000002ca   Code   RO          725    .text.HAL_ADCEx_InjectedConfigChannel  lto-llvm-4da49d.o
    0x08002e8e   0x08002e8e   0x00000002   PAD
    0x08002e90   0x08002e90   0x0000017a   Code   RO          721    .text.HAL_ADCEx_InjectedStart_IT  lto-llvm-4da49d.o
    0x0800300a   0x0800300a   0x00000002   PAD
    0x0800300c   0x0800300c   0x0000009a   Code   RO          723    .text.HAL_ADCEx_InjectedStop_IT  lto-llvm-4da49d.o
    0x080030a6   0x080030a6   0x00000002   PAD
    0x080030a8   0x080030a8   0x00000230   Code   RO          719    .text.HAL_ADC_ConfigChannel  lto-llvm-4da49d.o
    0x080032d8   0x080032d8   0x00000008   Code   RO          705    .text.HAL_ADC_ConvCpltCallback  lto-llvm-4da49d.o
    0x080032e0   0x080032e0   0x00000008   Code   RO          717    .text.HAL_ADC_ConvHalfCpltCallback  lto-llvm-4da49d.o
    0x080032e8   0x080032e8   0x00000008   Code   RO          707    .text.HAL_ADC_ErrorCallback  lto-llvm-4da49d.o
    0x080032f0   0x080032f0   0x00000098   Code   RO          701    .text.HAL_ADC_Init  lto-llvm-4da49d.o
    0x08003388   0x08003388   0x00000232   Code   RO          447    .text.HAL_ADC_MspInit  lto-llvm-4da49d.o
    0x080035ba   0x080035ba   0x00000002   PAD
    0x080035bc   0x080035bc   0x0000021a   Code   RO          709    .text.HAL_ADC_Start_DMA  lto-llvm-4da49d.o
    0x080037d6   0x080037d6   0x00000002   PAD
    0x080037d8   0x080037d8   0x0000004a   Code   RO          827    .text.HAL_CAN_ActivateNotification  lto-llvm-4da49d.o
    0x08003822   0x08003822   0x00000002   PAD
    0x08003824   0x08003824   0x0000017c   Code   RO          821    .text.HAL_CAN_AddTxMessage  lto-llvm-4da49d.o
    0x080039a0   0x080039a0   0x000001a8   Code   RO          817    .text.HAL_CAN_ConfigFilter  lto-llvm-4da49d.o
    0x08003b48   0x08003b48   0x00000044   Code   RO          813    .text.HAL_CAN_DeInit  lto-llvm-4da49d.o
    0x08003b8c   0x08003b8c   0x0000009a   Code   RO          477    .text.HAL_CAN_ErrorCallback  lto-llvm-4da49d.o
    0x08003c26   0x08003c26   0x00000002   PAD
    0x08003c28   0x08003c28   0x00000052   Code   RO          825    .text.HAL_CAN_GetRxFifoFillLevel  lto-llvm-4da49d.o
    0x08003c7a   0x08003c7a   0x00000002   PAD
    0x08003c7c   0x08003c7c   0x000001f8   Code   RO          823    .text.HAL_CAN_GetRxMessage  lto-llvm-4da49d.o
    0x08003e74   0x08003e74   0x000003ea   Code   RO          829    .text.HAL_CAN_IRQHandler  lto-llvm-4da49d.o
    0x0800425e   0x0800425e   0x00000002   PAD
    0x08004260   0x08004260   0x000001d0   Code   RO          811    .text.HAL_CAN_Init  lto-llvm-4da49d.o
    0x08004430   0x08004430   0x0000003e   Code   RO          461    .text.HAL_CAN_MspDeInit  lto-llvm-4da49d.o
    0x0800446e   0x0800446e   0x00000002   PAD
    0x08004470   0x08004470   0x000000d6   Code   RO          459    .text.HAL_CAN_MspInit  lto-llvm-4da49d.o
    0x08004546   0x08004546   0x00000002   PAD
    0x08004548   0x08004548   0x00000008   Code   RO          837    .text.HAL_CAN_RxFifo0FullCallback  lto-llvm-4da49d.o
    0x08004550   0x08004550   0x000012ac   Code   RO          463    .text.HAL_CAN_RxFifo0MsgPendingCallback  lto-llvm-4da49d.o
    0x080057fc   0x080057fc   0x00000008   Code   RO          839    .text.HAL_CAN_RxFifo1FullCallback  lto-llvm-4da49d.o
    0x08005804   0x08005804   0x00000008   Code   RO          841    .text.HAL_CAN_RxFifo1MsgPendingCallback  lto-llvm-4da49d.o
    0x0800580c   0x0800580c   0x00000008   Code   RO          843    .text.HAL_CAN_SleepCallback  lto-llvm-4da49d.o
    0x08005814   0x08005814   0x00000082   Code   RO          819    .text.HAL_CAN_Start  lto-llvm-4da49d.o
    0x08005896   0x08005896   0x00000002   PAD
    0x08005898   0x08005898   0x00000082   Code   RO          815    .text.HAL_CAN_Stop  lto-llvm-4da49d.o
    0x0800591a   0x0800591a   0x00000002   PAD
    0x0800591c   0x0800591c   0x00000008   Code   RO          831    .text.HAL_CAN_TxMailbox0AbortCallback  lto-llvm-4da49d.o
    0x08005924   0x08005924   0x0000000e   Code   RO          471    .text.HAL_CAN_TxMailbox0CompleteCallback  lto-llvm-4da49d.o
    0x08005932   0x08005932   0x00000002   PAD
    0x08005934   0x08005934   0x00000008   Code   RO          833    .text.HAL_CAN_TxMailbox1AbortCallback  lto-llvm-4da49d.o
    0x0800593c   0x0800593c   0x0000000e   Code   RO          473    .text.HAL_CAN_TxMailbox1CompleteCallback  lto-llvm-4da49d.o
    0x0800594a   0x0800594a   0x00000002   PAD
    0x0800594c   0x0800594c   0x00000008   Code   RO          835    .text.HAL_CAN_TxMailbox2AbortCallback  lto-llvm-4da49d.o
    0x08005954   0x08005954   0x0000000e   Code   RO          475    .text.HAL_CAN_TxMailbox2CompleteCallback  lto-llvm-4da49d.o
    0x08005962   0x08005962   0x00000002   PAD
    0x08005964   0x08005964   0x00000008   Code   RO          845    .text.HAL_CAN_WakeUpFromRxMsgCallback  lto-llvm-4da49d.o
    0x0800596c   0x0800596c   0x0000003a   Code   RO          753    .text.HAL_DMA_Abort_IT  lto-llvm-4da49d.o
    0x080059a6   0x080059a6   0x00000002   PAD
    0x080059a8   0x080059a8   0x0000031c   Code   RO          755    .text.HAL_DMA_IRQHandler  lto-llvm-4da49d.o
    0x08005cc4   0x08005cc4   0x0000015a   Code   RO          743    .text.HAL_DMA_Init  lto-llvm-4da49d.o
    0x08005e1e   0x08005e1e   0x00000002   PAD
    0x08005e20   0x08005e20   0x000000ac   Code   RO          751    .text.HAL_DMA_Start_IT  lto-llvm-4da49d.o
    0x08005ecc   0x08005ecc   0x00000200   Code   RO          741    .text.HAL_GPIO_DeInit  lto-llvm-4da49d.o
    0x080060cc   0x080060cc   0x00000382   Code   RO          739    .text.HAL_GPIO_Init  lto-llvm-4da49d.o
    0x0800644e   0x0800644e   0x00000002   PAD
    0x08006450   0x08006450   0x0000000c   Code   RO          789    .text.HAL_GetTick   lto-llvm-4da49d.o
    0x0800645c   0x0800645c   0x00000010   Code   RO          787    .text.HAL_IncTick   lto-llvm-4da49d.o
    0x0800646c   0x0800646c   0x00000032   Code   RO          783    .text.HAL_Init      lto-llvm-4da49d.o
    0x0800649e   0x0800649e   0x00000002   PAD
    0x080064a0   0x080064a0   0x0000005e   Code   RO          785    .text.HAL_InitTick  lto-llvm-4da49d.o
    0x080064fe   0x080064fe   0x00000002   PAD
    0x08006500   0x08006500   0x0000004a   Code   RO          591    .text.HAL_MspInit   lto-llvm-4da49d.o
    0x0800654a   0x0800654a   0x00000002   PAD
    0x0800654c   0x0800654c   0x00000010   Code   RO          775    .text.HAL_NVIC_DisableIRQ  lto-llvm-4da49d.o
    0x0800655c   0x0800655c   0x00000010   Code   RO          771    .text.HAL_NVIC_EnableIRQ  lto-llvm-4da49d.o
    0x0800656c   0x0800656c   0x0000002c   Code   RO          763    .text.HAL_NVIC_SetPriority  lto-llvm-4da49d.o
    0x08006598   0x08006598   0x00000012   Code   RO          759    .text.HAL_NVIC_SetPriorityGrouping  lto-llvm-4da49d.o
    0x080065aa   0x080065aa   0x00000002   PAD
    0x080065ac   0x080065ac   0x000000b6   Code   RO          757    .text.HAL_PWREx_EnableOverDrive  lto-llvm-4da49d.o
    0x08006662   0x08006662   0x00000002   PAD
    0x08006664   0x08006664   0x00000252   Code   RO          727    .text.HAL_RCC_ClockConfig  lto-llvm-4da49d.o
    0x080068b6   0x080068b6   0x00000002   PAD
    0x080068b8   0x080068b8   0x0000000c   Code   RO          729    .text.HAL_RCC_GetHCLKFreq  lto-llvm-4da49d.o
    0x080068c4   0x080068c4   0x00000022   Code   RO          731    .text.HAL_RCC_GetPCLK1Freq  lto-llvm-4da49d.o
    0x080068e6   0x080068e6   0x00000002   PAD
    0x080068e8   0x080068e8   0x00000022   Code   RO          733    .text.HAL_RCC_GetPCLK2Freq  lto-llvm-4da49d.o
    0x0800690a   0x0800690a   0x00000002   PAD
    0x0800690c   0x0800690c   0x0000016a   Code   RO          735    .text.HAL_RCC_GetSysClockFreq  lto-llvm-4da49d.o
    0x08006a76   0x08006a76   0x00000002   PAD
    0x08006a78   0x08006a78   0x00000654   Code   RO          737    .text.HAL_RCC_OscConfig  lto-llvm-4da49d.o
    0x080070cc   0x080070cc   0x000000b6   Code   RO          853    .text.HAL_SPI_Init  lto-llvm-4da49d.o
    0x08007182   0x08007182   0x00000002   PAD
    0x08007184   0x08007184   0x00000092   Code   RO          493    .text.HAL_SPI_MspInit  lto-llvm-4da49d.o
    0x08007216   0x08007216   0x00000002   PAD
    0x08007218   0x08007218   0x00000010   Code   RO          779    .text.HAL_SYSTICK_Config  lto-llvm-4da49d.o
    0x08007228   0x08007228   0x00000008   Code   RO          901    .text.HAL_UART_ErrorCallback  lto-llvm-4da49d.o
    0x08007230   0x08007230   0x00000210   Code   RO          909    .text.HAL_UART_IRQHandler  lto-llvm-4da49d.o
    0x08007440   0x08007440   0x00000092   Code   RO          885    .text.HAL_UART_Init  lto-llvm-4da49d.o
    0x080074d2   0x080074d2   0x00000002   PAD
    0x080074d4   0x080074d4   0x000000f4   Code   RO          545    .text.HAL_UART_MspInit  lto-llvm-4da49d.o
    0x080075c8   0x080075c8   0x00000008   Code   RO          907    .text.HAL_UART_RxCpltCallback  lto-llvm-4da49d.o
    0x080075d0   0x080075d0   0x000000ea   Code   RO          889    .text.HAL_UART_Transmit_DMA  lto-llvm-4da49d.o
    0x080076ba   0x080076ba   0x00000002   PAD
    0x080076bc   0x080076bc   0x00000008   Code   RO          905    .text.HAL_UART_TxCpltCallback  lto-llvm-4da49d.o
    0x080076c4   0x080076c4   0x00000008   Code   RO          903    .text.HAL_UART_TxHalfCpltCallback  lto-llvm-4da49d.o
    0x080076cc   0x080076cc   0x00000040   Code   RO          557    .text.HardFault_Handler  lto-llvm-4da49d.o
    0x0800770c   0x0800770c   0x00000042   Code   RO          595    .text.InverseParkTransform  lto-llvm-4da49d.o
    0x0800774e   0x0800774e   0x00000002   PAD
    0x08007750   0x08007750   0x00000022   Code   RO          421    .text.LL_AHB1_GRP1_EnableClock  lto-llvm-4da49d.o
    0x08007772   0x08007772   0x00000002   PAD
    0x08007774   0x08007774   0x00000024   Code   RO          487    .text.LL_AHB1_GRP1_EnableClock.19  lto-llvm-4da49d.o
    0x08007798   0x08007798   0x00000022   Code   RO          533    .text.LL_AHB1_GRP1_EnableClock.27  lto-llvm-4da49d.o
    0x080077ba   0x080077ba   0x00000002   PAD
    0x080077bc   0x080077bc   0x00000026   Code   RO          485    .text.LL_APB2_GRP1_EnableClock  lto-llvm-4da49d.o
    0x080077e2   0x080077e2   0x00000002   PAD
    0x080077e4   0x080077e4   0x00000024   Code   RO          519    .text.LL_APB2_GRP1_EnableClock.26  lto-llvm-4da49d.o
    0x08007808   0x08007808   0x00000016   Code   RO          577    .text.LL_EXTI_ClearFlag_0_31  lto-llvm-4da49d.o
    0x0800781e   0x0800781e   0x00000002   PAD
    0x08007820   0x08007820   0x0000001a   Code   RO          795    .text.LL_EXTI_DisableEvent_0_31  lto-llvm-4da49d.o
    0x0800783a   0x0800783a   0x00000002   PAD
    0x0800783c   0x0800783c   0x0000001a   Code   RO          803    .text.LL_EXTI_DisableFallingTrig_0_31  lto-llvm-4da49d.o
    0x08007856   0x08007856   0x00000002   PAD
    0x08007858   0x08007858   0x0000001a   Code   RO          799    .text.LL_EXTI_DisableIT_0_31  lto-llvm-4da49d.o
    0x08007872   0x08007872   0x00000002   PAD
    0x08007874   0x08007874   0x0000001a   Code   RO          807    .text.LL_EXTI_DisableRisingTrig_0_31  lto-llvm-4da49d.o
    0x0800788e   0x0800788e   0x00000002   PAD
    0x08007890   0x08007890   0x00000018   Code   RO          801    .text.LL_EXTI_EnableEvent_0_31  lto-llvm-4da49d.o
    0x080078a8   0x080078a8   0x00000018   Code   RO          809    .text.LL_EXTI_EnableFallingTrig_0_31  lto-llvm-4da49d.o
    0x080078c0   0x080078c0   0x00000018   Code   RO          797    .text.LL_EXTI_EnableIT_0_31  lto-llvm-4da49d.o
    0x080078d8   0x080078d8   0x00000018   Code   RO          805    .text.LL_EXTI_EnableRisingTrig_0_31  lto-llvm-4da49d.o
    0x080078f0   0x080078f0   0x000000e4   Code   RO          793    .text.LL_EXTI_Init  lto-llvm-4da49d.o
    0x080079d4   0x080079d4   0x00000020   Code   RO          575    .text.LL_EXTI_IsActiveFlag_0_31  lto-llvm-4da49d.o
    0x080079f4   0x080079f4   0x000000d0   Code   RO          687    .text.LL_GPIO_Init  lto-llvm-4da49d.o
    0x08007ac4   0x08007ac4   0x00000012   Code   RO          423    .text.LL_GPIO_ResetOutputPin  lto-llvm-4da49d.o
    0x08007ad6   0x08007ad6   0x00000002   PAD
    0x08007ad8   0x08007ad8   0x0000001c   Code   RO          657    .text.LL_GPIO_ResetOutputPin.80  lto-llvm-4da49d.o
    0x08007af4   0x08007af4   0x0000002e   Code   RO          695    .text.LL_GPIO_SetAFPin_0_7  lto-llvm-4da49d.o
    0x08007b22   0x08007b22   0x00000002   PAD
    0x08007b24   0x08007b24   0x00000030   Code   RO          697    .text.LL_GPIO_SetAFPin_8_15  lto-llvm-4da49d.o
    0x08007b54   0x08007b54   0x00000010   Code   RO          425    .text.LL_GPIO_SetOutputPin  lto-llvm-4da49d.o
    0x08007b64   0x08007b64   0x0000001a   Code   RO          659    .text.LL_GPIO_SetOutputPin.81  lto-llvm-4da49d.o
    0x08007b7e   0x08007b7e   0x00000002   PAD
    0x08007b80   0x08007b80   0x00000038   Code   RO          431    .text.LL_GPIO_SetPinMode  lto-llvm-4da49d.o
    0x08007bb8   0x08007bb8   0x0000002e   Code   RO          699    .text.LL_GPIO_SetPinMode.113  lto-llvm-4da49d.o
    0x08007be6   0x08007be6   0x00000002   PAD
    0x08007be8   0x08007be8   0x0000001e   Code   RO          691    .text.LL_GPIO_SetPinOutputType  lto-llvm-4da49d.o
    0x08007c06   0x08007c06   0x00000002   PAD
    0x08007c08   0x08007c08   0x00000038   Code   RO          429    .text.LL_GPIO_SetPinPull  lto-llvm-4da49d.o
    0x08007c40   0x08007c40   0x0000002e   Code   RO          693    .text.LL_GPIO_SetPinPull.112  lto-llvm-4da49d.o
    0x08007c6e   0x08007c6e   0x00000002   PAD
    0x08007c70   0x08007c70   0x0000002e   Code   RO          689    .text.LL_GPIO_SetPinSpeed  lto-llvm-4da49d.o
    0x08007c9e   0x08007c9e   0x00000002   PAD
    0x08007ca0   0x08007ca0   0x00000018   Code   RO          503    .text.LL_SPI_ClearFlag_OVR  lto-llvm-4da49d.o
    0x08007cb8   0x08007cb8   0x00000012   Code   RO          513    .text.LL_SPI_Enable  lto-llvm-4da49d.o
    0x08007cca   0x08007cca   0x00000002   PAD
    0x08007ccc   0x08007ccc   0x00000098   Code   RO          847    .text.LL_SPI_Init   lto-llvm-4da49d.o
    0x08007d64   0x08007d64   0x00000010   Code   RO          501    .text.LL_SPI_IsActiveFlag_BSY  lto-llvm-4da49d.o
    0x08007d74   0x08007d74   0x00000010   Code   RO          507    .text.LL_SPI_IsActiveFlag_RXNE  lto-llvm-4da49d.o
    0x08007d84   0x08007d84   0x00000010   Code   RO          499    .text.LL_SPI_IsActiveFlag_TXE  lto-llvm-4da49d.o
    0x08007d94   0x08007d94   0x00000010   Code   RO          849    .text.LL_SPI_IsEnabled  lto-llvm-4da49d.o
    0x08007da4   0x08007da4   0x0000000e   Code   RO          509    .text.LL_SPI_ReceiveData16  lto-llvm-4da49d.o
    0x08007db2   0x08007db2   0x00000002   PAD
    0x08007db4   0x08007db4   0x00000012   Code   RO          851    .text.LL_SPI_SetCRCPolynomial  lto-llvm-4da49d.o
    0x08007dc6   0x08007dc6   0x00000002   PAD
    0x08007dc8   0x08007dc8   0x00000024   Code   RO          489    .text.LL_SPI_SetStandard  lto-llvm-4da49d.o
    0x08007dec   0x08007dec   0x0000001a   Code   RO          497    .text.LL_SPI_TransmitData16  lto-llvm-4da49d.o
    0x08007e06   0x08007e06   0x00000002   PAD
    0x08007e08   0x08007e08   0x0000003c   Code   RO          427    .text.LL_SYSCFG_SetEXTISource  lto-llvm-4da49d.o
    0x08007e44   0x08007e44   0x00000086   Code   RO          883    .text.LL_TIM_BDTR_Init  lto-llvm-4da49d.o
    0x08007eca   0x08007eca   0x00000002   PAD
    0x08007ecc   0x08007ecc   0x0000001e   Code   RO          541    .text.LL_TIM_CC_DisableChannel  lto-llvm-4da49d.o
    0x08007eea   0x08007eea   0x00000002   PAD
    0x08007eec   0x08007eec   0x0000001c   Code   RO          537    .text.LL_TIM_CC_EnableChannel  lto-llvm-4da49d.o
    0x08007f08   0x08007f08   0x0000001a   Code   RO          521    .text.LL_TIM_DisableARRPreload  lto-llvm-4da49d.o
    0x08007f22   0x08007f22   0x00000002   PAD
    0x08007f24   0x08007f24   0x0000001a   Code   RO          531    .text.LL_TIM_DisableMasterSlaveMode  lto-llvm-4da49d.o
    0x08007f3e   0x08007f3e   0x00000002   PAD
    0x08007f40   0x08007f40   0x0000001a   Code   RO          515    .text.LL_TIM_EnableCounter  lto-llvm-4da49d.o
    0x08007f5a   0x08007f5a   0x00000002   PAD
    0x08007f5c   0x08007f5c   0x00000012   Code   RO          863    .text.LL_TIM_GenerateEvent_UPDATE  lto-llvm-4da49d.o
    0x08007f6e   0x08007f6e   0x00000002   PAD
    0x08007f70   0x08007f70   0x00000194   Code   RO          855    .text.LL_TIM_Init   lto-llvm-4da49d.o
    0x08008104   0x08008104   0x0000009e   Code   RO          527    .text.LL_TIM_OC_DisableFast  lto-llvm-4da49d.o
    0x080081a2   0x080081a2   0x00000002   PAD
    0x080081a4   0x080081a4   0x0000009c   Code   RO          525    .text.LL_TIM_OC_EnablePreload  lto-llvm-4da49d.o
    0x08008240   0x08008240   0x00000072   Code   RO          865    .text.LL_TIM_OC_Init  lto-llvm-4da49d.o
    0x080082b2   0x080082b2   0x00000002   PAD
    0x080082b4   0x080082b4   0x00000010   Code   RO          881    .text.LL_TIM_OC_SetCompareCH1  lto-llvm-4da49d.o
    0x080082c4   0x080082c4   0x00000010   Code   RO          879    .text.LL_TIM_OC_SetCompareCH2  lto-llvm-4da49d.o
    0x080082d4   0x080082d4   0x00000010   Code   RO          877    .text.LL_TIM_OC_SetCompareCH3  lto-llvm-4da49d.o
    0x080082e4   0x080082e4   0x00000010   Code   RO          875    .text.LL_TIM_OC_SetCompareCH4  lto-llvm-4da49d.o
    0x080082f4   0x080082f4   0x00000010   Code   RO          857    .text.LL_TIM_SetAutoReload  lto-llvm-4da49d.o
    0x08008304   0x08008304   0x00000026   Code   RO          523    .text.LL_TIM_SetClockSource  lto-llvm-4da49d.o
    0x0800832a   0x0800832a   0x00000002   PAD
    0x0800832c   0x0800832c   0x00000010   Code   RO          859    .text.LL_TIM_SetPrescaler  lto-llvm-4da49d.o
    0x0800833c   0x0800833c   0x00000010   Code   RO          861    .text.LL_TIM_SetRepetitionCounter  lto-llvm-4da49d.o
    0x0800834c   0x0800834c   0x00000024   Code   RO          529    .text.LL_TIM_SetTriggerOutput  lto-llvm-4da49d.o
    0x08008370   0x08008370   0x0000004a   Code   RO          791    .text.LL_mDelay     lto-llvm-4da49d.o
    0x080083ba   0x080083ba   0x00000002   PAD
    0x080083bc   0x080083bc   0x0000011a   Code   RO          411    .text.LeastSquare   lto-llvm-4da49d.o
    0x080084d6   0x080084d6   0x00000002   PAD
    0x080084d8   0x080084d8   0x000000fc   Code   RO          441    .text.MX_ADC1_Init  lto-llvm-4da49d.o
    0x080085d4   0x080085d4   0x000000b8   Code   RO          443    .text.MX_ADC2_Init  lto-llvm-4da49d.o
    0x0800868c   0x0800868c   0x000000b8   Code   RO          445    .text.MX_ADC3_Init  lto-llvm-4da49d.o
    0x08008744   0x08008744   0x00000048   Code   RO          457    .text.MX_CAN1_Init  lto-llvm-4da49d.o
    0x0800878c   0x0800878c   0x0000004a   Code   RO          481    .text.MX_DMA_Init   lto-llvm-4da49d.o
    0x080087d6   0x080087d6   0x00000002   PAD
    0x080087d8   0x080087d8   0x00000120   Code   RO          419    .text.MX_GPIO_Init  lto-llvm-4da49d.o
    0x080088f8   0x080088f8   0x000000a6   Code   RO          483    .text.MX_SPI1_Init  lto-llvm-4da49d.o
    0x0800899e   0x0800899e   0x00000002   PAD
    0x080089a0   0x080089a0   0x0000004e   Code   RO          491    .text.MX_SPI3_Init  lto-llvm-4da49d.o
    0x080089ee   0x080089ee   0x00000002   PAD
    0x080089f0   0x080089f0   0x00000178   Code   RO          517    .text.MX_TIM8_Init  lto-llvm-4da49d.o
    0x08008b68   0x08008b68   0x0000003a   Code   RO          543    .text.MX_USART1_UART_Init  lto-llvm-4da49d.o
    0x08008ba2   0x08008ba2   0x00000006   PAD
    0x08008ba8   0x08008ba8   0x000005e4   Code   RO          675    .text.MeasureInductance  lto-llvm-4da49d.o
    0x0800918c   0x0800918c   0x00000004   PAD
    0x08009190   0x08009190   0x000001c8   Code   RO          677    .text.MeasureParameters  lto-llvm-4da49d.o
    0x08009358   0x08009358   0x000002cc   Code   RO          673    .text.MeasureResidence  lto-llvm-4da49d.o
    0x08009624   0x08009624   0x00000004   Code   RO          559    .text.MemManage_Handler  lto-llvm-4da49d.o
    0x08009628   0x08009628   0x00000002   Code   RO          555    .text.NMI_Handler   lto-llvm-4da49d.o
    0x0800962a   0x0800962a   0x00000002   PAD
    0x0800962c   0x0800962c   0x00000064   Code   RO          435    .text.NVIC_EncodePriority  lto-llvm-4da49d.o
    0x08009690   0x08009690   0x00000062   Code   RO          767    .text.NVIC_EncodePriority.163  lto-llvm-4da49d.o
    0x080096f2   0x080096f2   0x00000002   PAD
    0x080096f4   0x080096f4   0x000000d4   Code   RO          867    .text.OC1Config     lto-llvm-4da49d.o
    0x080097c8   0x080097c8   0x000000dc   Code   RO          869    .text.OC2Config     lto-llvm-4da49d.o
    0x080098a4   0x080098a4   0x000000da   Code   RO          871    .text.OC3Config     lto-llvm-4da49d.o
    0x0800997e   0x0800997e   0x00000002   PAD
    0x08009980   0x08009980   0x000000ac   Code   RO          873    .text.OC4Config     lto-llvm-4da49d.o
    0x08009a2c   0x08009a2c   0x00000064   Code   RO          539    .text.PWM_CMD       lto-llvm-4da49d.o
    0x08009a90   0x08009a90   0x00000050   Code   RO          599    .text.ParkTransform  lto-llvm-4da49d.o
    0x08009ae0   0x08009ae0   0x00000002   Code   RO          569    .text.PendSV_Handler  lto-llvm-4da49d.o
    0x08009ae2   0x08009ae2   0x00000002   PAD
    0x08009ae4   0x08009ae4   0x000001b8   Code   RO          635    .text.PosCurrController  lto-llvm-4da49d.o
    0x08009c9c   0x08009c9c   0x00000042   Code   RO          669    .text.PosSensor_Init  lto-llvm-4da49d.o
    0x08009cde   0x08009cde   0x00000002   PAD
    0x08009ce0   0x08009ce0   0x000003e0   Code   RO          637    .text.PosSlopeGenerator  lto-llvm-4da49d.o
    0x0800a0c0   0x0800a0c0   0x000001b4   Code   RO          633    .text.PosSpdCurrController  lto-llvm-4da49d.o
    0x0800a274   0x0800a274   0x00000004   PAD
    0x0800a278   0x0800a278   0x0000018c   Code   RO          627    .text.PositionLoop  lto-llvm-4da49d.o
    0x0800a404   0x0800a404   0x00000100   Code   RO          617    .text.PositionLoopInit  lto-llvm-4da49d.o
    0x0800a504   0x0800a504   0x0000003e   Code   RO          549    .text.PutStr        lto-llvm-4da49d.o
    0x0800a542   0x0800a542   0x00000002   PAD
    0x0800a544   0x0800a544   0x0000005c   Code   RO          621    .text.RefAngleInit  lto-llvm-4da49d.o
    0x0800a5a0   0x0800a5a0   0x00000390   Code   RO          679    .text.RotateInertiaTest  lto-llvm-4da49d.o
    0x0800a930   0x0800a930   0x0000001c   Code   RO          511    .text.SPI_Enable    lto-llvm-4da49d.o
    0x0800a94c   0x0800a94c   0x000000a0   Code   RO          505    .text.SPI_Receive   lto-llvm-4da49d.o
    0x0800a9ec   0x0800a9ec   0x00000074   Code   RO          495    .text.SPI_Transmit  lto-llvm-4da49d.o
    0x0800aa60   0x0800aa60   0x00000002   Code   RO          565    .text.SVC_Handler   lto-llvm-4da49d.o
    0x0800aa62   0x0800aa62   0x00000002   PAD
    0x0800aa64   0x0800aa64   0x0000004e   Code   RO          409    .text.Saturation_float  lto-llvm-4da49d.o
    0x0800aab2   0x0800aab2   0x00000002   PAD
    0x0800aab4   0x0800aab4   0x00000098   Code   RO          547    .text.SendBuf       lto-llvm-4da49d.o
    0x0800ab4c   0x0800ab4c   0x00000058   Code   RO          551    .text.SendBufWhenFull  lto-llvm-4da49d.o
    0x0800aba4   0x0800aba4   0x00000374   Code   RO          593    .text.SpaceVectorModulation  lto-llvm-4da49d.o
    0x0800af18   0x0800af18   0x00000148   Code   RO          629    .text.SpdCurrController  lto-llvm-4da49d.o
    0x0800b060   0x0800b060   0x0000009c   Code   RO          625    .text.SpeedLoop     lto-llvm-4da49d.o
    0x0800b0fc   0x0800b0fc   0x000000ac   Code   RO          615    .text.SpeedLoopInit  lto-llvm-4da49d.o
    0x0800b1a8   0x0800b1a8   0x00000052   Code   RO          781    .text.SysTick_Config  lto-llvm-4da49d.o
    0x0800b1fa   0x0800b1fa   0x00000002   PAD
    0x0800b1fc   0x0800b1fc   0x00000008   Code   RO          571    .text.SysTick_Handler  lto-llvm-4da49d.o
    0x0800b204   0x0800b204   0x000000c8   Code   RO          415    .text.SystemClock_Config  lto-llvm-4da49d.o
    0x0800b2cc   0x0800b2cc   0x0000006e   Code   RO          685    .text.SystemInit    lto-llvm-4da49d.o
    0x0800b33a   0x0800b33a   0x00000002   PAD
    0x0800b33c   0x0800b33c   0x00000010   Code   RO          535    .text.TIM_Enable    lto-llvm-4da49d.o
    0x0800b34c   0x0800b34c   0x00000018   Code   RO          653    .text.TLE5012_ReadFSYNC  lto-llvm-4da49d.o
    0x0800b364   0x0800b364   0x00000064   Code   RO          655    .text.TLE5012_ReadRegister  lto-llvm-4da49d.o
    0x0800b3c8   0x0800b3c8   0x000001ec   Code   RO          639    .text.TorqueController  lto-llvm-4da49d.o
    0x0800b5b4   0x0800b5b4   0x0000002a   Code   RO          619    .text.TorqueCtrlInit  lto-llvm-4da49d.o
    0x0800b5de   0x0800b5de   0x00000002   PAD
    0x0800b5e0   0x0800b5e0   0x00000020   Code   RO          913    .text.UART_DMAAbortOnError  lto-llvm-4da49d.o
    0x0800b600   0x0800b600   0x00000078   Code   RO          895    .text.UART_DMAError  lto-llvm-4da49d.o
    0x0800b678   0x0800b678   0x00000046   Code   RO          891    .text.UART_DMATransmitCplt  lto-llvm-4da49d.o
    0x0800b6be   0x0800b6be   0x00000002   PAD
    0x0800b6c0   0x0800b6c0   0x00000016   Code   RO          893    .text.UART_DMATxHalfCplt  lto-llvm-4da49d.o
    0x0800b6d6   0x0800b6d6   0x00000002   PAD
    0x0800b6d8   0x0800b6d8   0x00000014   Code   RO          553    .text.UART_Enable   lto-llvm-4da49d.o
    0x0800b6ec   0x0800b6ec   0x00000026   Code   RO          899    .text.UART_EndRxTransfer  lto-llvm-4da49d.o
    0x0800b712   0x0800b712   0x00000002   PAD
    0x0800b714   0x0800b714   0x00000022   Code   RO          917    .text.UART_EndTransmit_IT  lto-llvm-4da49d.o
    0x0800b736   0x0800b736   0x00000002   PAD
    0x0800b738   0x0800b738   0x0000001a   Code   RO          897    .text.UART_EndTxTransfer  lto-llvm-4da49d.o
    0x0800b752   0x0800b752   0x00000002   PAD
    0x0800b754   0x0800b754   0x000000e0   Code   RO          911    .text.UART_Receive_IT  lto-llvm-4da49d.o
    0x0800b834   0x0800b834   0x000001ee   Code   RO          887    .text.UART_SetConfig  lto-llvm-4da49d.o
    0x0800ba22   0x0800ba22   0x00000002   PAD
    0x0800ba24   0x0800ba24   0x00000096   Code   RO          915    .text.UART_Transmit_IT  lto-llvm-4da49d.o
    0x0800baba   0x0800baba   0x00000002   PAD
    0x0800babc   0x0800babc   0x00000008   Code   RO          583    .text.USART1_IRQHandler  lto-llvm-4da49d.o
    0x0800bac4   0x0800bac4   0x00000004   Code   RO          563    .text.UsageFault_Handler  lto-llvm-4da49d.o
    0x0800bac8   0x0800bac8   0x000003a6   Code   RO          631    .text.VelSlopeGenerator  lto-llvm-4da49d.o
    0x0800be6e   0x0800be6e   0x00000002   PAD
    0x0800be70   0x0800be70   0x00000034   Code   RO          777    .text.__NVIC_DisableIRQ  lto-llvm-4da49d.o
    0x0800bea4   0x0800bea4   0x0000002e   Code   RO          439    .text.__NVIC_EnableIRQ  lto-llvm-4da49d.o
    0x0800bed2   0x0800bed2   0x00000002   PAD
    0x0800bed4   0x0800bed4   0x0000002c   Code   RO          773    .text.__NVIC_EnableIRQ.167  lto-llvm-4da49d.o
    0x0800bf00   0x0800bf00   0x00000010   Code   RO          433    .text.__NVIC_GetPriorityGrouping  lto-llvm-4da49d.o
    0x0800bf10   0x0800bf10   0x00000010   Code   RO          765    .text.__NVIC_GetPriorityGrouping.162  lto-llvm-4da49d.o
    0x0800bf20   0x0800bf20   0x0000003c   Code   RO          437    .text.__NVIC_SetPriority  lto-llvm-4da49d.o
    0x0800bf5c   0x0800bf5c   0x0000003a   Code   RO          769    .text.__NVIC_SetPriority.164  lto-llvm-4da49d.o
    0x0800bf96   0x0800bf96   0x00000002   PAD
    0x0800bf98   0x0800bf98   0x0000003c   Code   RO          761    .text.__NVIC_SetPriorityGrouping  lto-llvm-4da49d.o
    0x0800bfd4   0x0800bfd4   0x00000044   Code   RO          605    .text.arm_clarke_f32  lto-llvm-4da49d.o
    0x0800c018   0x0800c018   0x0000005e   Code   RO          597    .text.arm_inv_park_f32  lto-llvm-4da49d.o
    0x0800c076   0x0800c076   0x00000002   PAD
    0x0800c078   0x0800c078   0x0000005e   Code   RO          601    .text.arm_park_f32  lto-llvm-4da49d.o
    0x0800c0d6   0x0800c0d6   0x00000002   PAD
    0x0800c0d8   0x0800c0d8   0x00000274   Code   RO          683    .text.arm_sin_cos_f32  lto-llvm-4da49d.o
    0x0800c34c   0x0800c34c   0x000000b4   Code   RO          413    .text.main          lto-llvm-4da49d.o
    0x0800c400   0x0800c400   0x0000003a   Code   RO          101    i.__hardfp_sqrtf    m_wm.l(sqrtf.o)
    0x0800c43a   0x0800c43a   0x0000000e   Code   RO          168    i._is_digit         c_wu.l(__printf_wp.o)
    0x0800c448   0x0800c448   0x0000002c   Code   RO          274    locale$$code        c_wu.l(lc_ctype_c.o)
    0x0800c474   0x0800c474   0x00000062   Code   RO         1083    x$fpl$d2f           fz_wm.l(d2f.o)
    0x0800c4d6   0x0800c4d6   0x00000018   Code   RO         1125    x$fpl$dcmpinf       fz_wm.l(dcmpi.o)
    0x0800c4ee   0x0800c4ee   0x00000002   PAD
    0x0800c4f0   0x0800c4f0   0x000002b8   Code   RO         1088    x$fpl$ddiv          fz_wm.l(ddiv.o)
    0x0800c7a8   0x0800c7a8   0x00000078   Code   RO         1109    x$fpl$deqf          fz_wm.l(deqf.o)
    0x0800c820   0x0800c820   0x0000005e   Code   RO         1091    x$fpl$dfix          fz_wm.l(dfix.o)
    0x0800c87e   0x0800c87e   0x0000002e   Code   RO         1096    x$fpl$dflt          fz_wm.l(dflt_clz.o)
    0x0800c8ac   0x0800c8ac   0x00000078   Code   RO         1111    x$fpl$dgeqf         fz_wm.l(dgeqf.o)
    0x0800c924   0x0800c924   0x00000078   Code   RO         1113    x$fpl$dleqf         fz_wm.l(dleqf.o)
    0x0800c99c   0x0800c99c   0x00000154   Code   RO         1101    x$fpl$dmul          fz_wm.l(dmul.o)
    0x0800caf0   0x0800caf0   0x0000009c   Code   RO         1115    x$fpl$dnaninf       fz_wm.l(dnaninf.o)
    0x0800cb8c   0x0800cb8c   0x0000000c   Code   RO         1117    x$fpl$dretinf       fz_wm.l(dretinf.o)
    0x0800cb98   0x0800cb98   0x00000056   Code   RO         1103    x$fpl$f2d           fz_wm.l(f2d.o)
    0x0800cbee   0x0800cbee   0x00000054   Code   RO         1085    x$fpl$fcmp          fz_wm.l(dcmp.o)
    0x0800cc42   0x0800cc42   0x0000008c   Code   RO         1119    x$fpl$fnaninf       fz_wm.l(fnaninf.o)
    0x0800ccce   0x0800ccce   0x0000001a   Code   RO          334    x$fpl$fpinit        fz_wm.l(fpinit.o)
    0x0800cce8   0x0800cce8   0x0000000a   Code   RO         1121    x$fpl$fretinf       fz_wm.l(fretinf.o)
    0x0800ccf2   0x0800ccf2   0x00000000   Code   RO          201    x$fpl$usenofp       fz_wm.l(usenofp.o)
    0x0800ccf2   0x0800ccf2   0x00000002   PAD
    0x0800ccf4   0x0800ccf4   0x00000008   Data   RO          127    .constdata          c_wu.l(_printf_wctomb.o)
    0x0800ccfc   0x0800ccfc   0x00000028   Data   RO          156    .constdata          c_wu.l(_printf_hex_int_ll_ptr.o)
    0x0800cd24   0x0800cd24   0x00000011   Data   RO          176    .constdata          c_wu.l(__printf_flags_ss_wp.o)
    0x0800cd35   0x0800cd35   0x00000007   Data   RO          935    .rodata.OFFSET_TAB_CCMRx  lto-llvm-4da49d.o
    0x0800cd3c   0x0800cd3c   0x00000007   Data   RO          936    .rodata.SHIFT_TAB_OCxx  lto-llvm-4da49d.o
    0x0800cd43   0x0800cd43   0x00000010   Data   RO         1071    .rodata.cst16       lto-llvm-4da49d.o
    0x0800cd53   0x0800cd53   0x00000010   Data   RO         1068    .rodata.cst8        lto-llvm-4da49d.o
    0x0800cd63   0x0800cd63   0x00000001   PAD
    0x0800cd64   0x0800cd64   0x00000804   Data   RO         1067    .rodata.sinTable_f32  lto-llvm-4da49d.o
    0x0800d568   0x0800d568   0x000001bd   Data   RO          933    .rodata.str1.1      lto-llvm-4da49d.o
    0x0800d725   0x0800d725   0x00000003   PAD
    0x0800d728   0x0800d728   0x00000020   Data   RO         1132    Region$$Table       anon$$obj.o
    0x0800d748   0x0800d748   0x00000110   Data   RO          273    locale$$data        c_wu.l(lc_ctype_c.o)


    Execution Region RW_IRAM1 (Exec base: 0x20000000, Load base: 0x0800d858, Size: 0x00002630, Max: 0x00020000, ABSOLUTE)

    Exec Addr    Load Addr    Size         Type   Attr      Idx    E Section Name        Object

    0x20000000   0x0800d858   0x00000002   Data   RW          976    .data.PosCurrController.Count  lto-llvm-4da49d.o
    0x20000002   0x0800d85a   0x00000002   Data   RW          975    .data.PosSpdCurrController.Count  lto-llvm-4da49d.o
    0x20000004   0x0800d85c   0x00000004   Data   RW          973    .data.PositionLoop.tempkd  lto-llvm-4da49d.o
    0x20000008   0x0800d860   0x00000004   Data   RW          972    .data.PositionLoop.tempkp  lto-llvm-4da49d.o
    0x2000000c   0x0800d864   0x00000002   Data   RW          974    .data.SpdCurrController.Count  lto-llvm-4da49d.o
    0x2000000e   0x0800d866   0x00000002   PAD
    0x20000010   0x0800d868   0x00000004   Data   RW         1072    .data.SystemCoreClock  lto-llvm-4da49d.o
    0x20000014   0x0800d86c   0x00000002   Data   RW          977    .data.TorqueController.Count  lto-llvm-4da49d.o
    0x20000016   0x0800d86e   0x00000002   PAD
    0x20000018   0x0800d870   0x00000004   Data   RW          938    .data.USART_BuffNow  lto-llvm-4da49d.o
    0x2000001c   0x0800d874   0x00000004   Data   RW         1031    .data.pBuf          lto-llvm-4da49d.o
    0x20000020   0x0800d878   0x00000004   Data   RW         1069    .data.uwTickPrio    lto-llvm-4da49d.o
    0x20000024   0x0800d87c   0x00000004   PAD
    0x20000028        -       0x00000060   Zero   RW          252    .bss                c_wu.l(libspace.o)
    0x20000088        -       0x00000014   Zero   RW         1009    .bss.ADC3Value      lto-llvm-4da49d.o
    0x2000009c        -       0x00000002   Zero   RW          925    .bss.ADCSelfCalibration.SelfCalibrationPeriod  lto-llvm-4da49d.o
    0x2000009e   0x0800d87c   0x00000002   PAD
    0x200000a0        -       0x00000004   Zero   RW          926    .bss.ADCSelfCalibration.currAoffset  lto-llvm-4da49d.o
    0x200000a4        -       0x00000004   Zero   RW          927    .bss.ADCSelfCalibration.currBoffset  lto-llvm-4da49d.o
    0x200000a8        -       0x00000004   Zero   RW          928    .bss.ADCSelfCalibration.currCoffset  lto-llvm-4da49d.o
    0x200000ac        -       0x00000004   Zero   RW          923    .bss.ADC_CurrentConvertedValue_Generatrix  lto-llvm-4da49d.o
    0x200000b0        -       0x00000004   Zero   RW          920    .bss.ADC_CurrentConvertedValue_PhaseA  lto-llvm-4da49d.o
    0x200000b4        -       0x00000004   Zero   RW          921    .bss.ADC_CurrentConvertedValue_PhaseB  lto-llvm-4da49d.o
    0x200000b8        -       0x00000004   Zero   RW          922    .bss.ADC_CurrentConvertedValue_PhaseC  lto-llvm-4da49d.o
    0x200000bc        -       0x00000004   Zero   RW          946    .bss.ADC_IRQHandler.__i_divSendTimes  lto-llvm-4da49d.o
    0x200000c0        -       0x00000004   Zero   RW          948    .bss.ADC_IRQHandler.__i_divSendTimes.2  lto-llvm-4da49d.o
    0x200000c4        -       0x00000004   Zero   RW          950    .bss.ADC_IRQHandler.__i_divSendTimes.3  lto-llvm-4da49d.o
    0x200000c8        -       0x00000004   Zero   RW          951    .bss.ADC_IRQHandler.__i_divSendTimes.5  lto-llvm-4da49d.o
    0x200000cc        -       0x00000004   Zero   RW          953    .bss.ADC_IRQHandler.__i_divSendTimes.6  lto-llvm-4da49d.o
    0x200000d0        -       0x00000004   Zero   RW          954    .bss.ADC_IRQHandler.__i_divSendTimes.7  lto-llvm-4da49d.o
    0x200000d4        -       0x00000004   Zero   RW          955    .bss.ADC_IRQHandler.__i_divSendTimes.8  lto-llvm-4da49d.o
    0x200000d8        -       0x00000004   Zero   RW          949    .bss.ADC_IRQHandler.co  lto-llvm-4da49d.o
    0x200000dc        -       0x00000004   Zero   RW          947    .bss.ADC_IRQHandler.ho  lto-llvm-4da49d.o
    0x200000e0        -       0x00000004   Zero   RW          945    .bss.ADC_IRQHandler.so  lto-llvm-4da49d.o
    0x200000e4        -       0x00000004   Zero   RW          952    .bss.ADC_IRQHandler.wo  lto-llvm-4da49d.o
    0x200000e8        -       0x00000004   Zero   RW          924    .bss.ADC_flag       lto-llvm-4da49d.o
    0x200000ec        -       0x00000028   Zero   RW          940    .bss.CAN            lto-llvm-4da49d.o
    0x20000114        -       0x00000050   Zero   RW         1029    .bss.CoordTrans     lto-llvm-4da49d.o
    0x20000164        -       0x00000004   Zero   RW         1016    .bss.CorrectPosOffset_Encoder.__i_divSendTimes  lto-llvm-4da49d.o
    0x20000168        -       0x00000004   Zero   RW         1017    .bss.CorrectPosOffset_Encoder.__i_divSendTimes.2  lto-llvm-4da49d.o
    0x2000016c        -       0x00000004   Zero   RW         1018    .bss.CorrectPosOffset_Encoder.__i_divSendTimes.6  lto-llvm-4da49d.o
    0x20000170        -       0x00000002   Zero   RW         1013    .bss.CorrectPosOffset_Encoder.arrayCnt  lto-llvm-4da49d.o
    0x20000172   0x0800d87c   0x00000002   PAD
    0x20000174        -       0x00000064   Zero   RW         1014    .bss.CorrectPosOffset_Encoder.eleArray  lto-llvm-4da49d.o
    0x200001d8        -       0x00000064   Zero   RW         1015    .bss.CorrectPosOffset_Encoder.posArray  lto-llvm-4da49d.o
    0x2000023c        -       0x00000004   Zero   RW         1012    .bss.CorrectPosOffset_Encoder.posIntercept  lto-llvm-4da49d.o
    0x20000240        -       0x00000004   Zero   RW         1011    .bss.CorrectPosOffset_Encoder.posSlope  lto-llvm-4da49d.o
    0x20000244        -       0x00000004   Zero   RW         1010    .bss.CorrectPosOffset_Encoder.slopeErr  lto-llvm-4da49d.o
    0x20000248        -       0x0000003c   Zero   RW         1027    .bss.CurrLoop       lto-llvm-4da49d.o
    0x20000284        -       0x00000001   Zero   RW          958    .bss.Driver.0       lto-llvm-4da49d.o
    0x20000285        -       0x00000001   Zero   RW          959    .bss.Driver.1       lto-llvm-4da49d.o
    0x20000286   0x0800d87c   0x00000002   PAD
    0x20000288        -       0x00000028   Zero   RW         1003    .bss.GetEleAngularSpeed.array  lto-llvm-4da49d.o
    0x200002b0        -       0x00000004   Zero   RW         1005    .bss.GetEleAngularSpeed.avg  lto-llvm-4da49d.o
    0x200002b4        -       0x00000004   Zero   RW         1002    .bss.GetEleAngularSpeed.lastEleAngle  lto-llvm-4da49d.o
    0x200002b8        -       0x00000004   Zero   RW         1006    .bss.GetEleAngularSpeed.old  lto-llvm-4da49d.o
    0x200002bc        -       0x00000002   Zero   RW         1007    .bss.GetEleAngularSpeed.pos  lto-llvm-4da49d.o
    0x200002be   0x0800d87c   0x00000002   PAD
    0x200002c0        -       0x00000004   Zero   RW         1004    .bss.GetEleAngularSpeed.sum  lto-llvm-4da49d.o
    0x200002c4        -       0x00000028   Zero   RW          997    .bss.GetMecAngularSpeed.array  lto-llvm-4da49d.o
    0x200002ec        -       0x00000004   Zero   RW          999    .bss.GetMecAngularSpeed.avg  lto-llvm-4da49d.o
    0x200002f0        -       0x00000004   Zero   RW          996    .bss.GetMecAngularSpeed.lastMecAngle  lto-llvm-4da49d.o
    0x200002f4        -       0x00000004   Zero   RW         1000    .bss.GetMecAngularSpeed.old  lto-llvm-4da49d.o
    0x200002f8        -       0x00000002   Zero   RW         1001    .bss.GetMecAngularSpeed.pos  lto-llvm-4da49d.o
    0x200002fa   0x0800d87c   0x00000002   PAD
    0x200002fc        -       0x00000004   Zero   RW          998    .bss.GetMecAngularSpeed.sum  lto-llvm-4da49d.o
    0x20000300        -       0x00000004   Zero   RW          932    .bss.HAL_CAN_ErrorCallback.__i_divSendTimes  lto-llvm-4da49d.o
    0x20000304        -       0x00000002   Zero   RW          931    .bss.HAL_CAN_ErrorCallback.errTimes  lto-llvm-4da49d.o
    0x20000306   0x0800d87c   0x00000002   PAD
    0x20000308        -       0x00000004   Zero   RW          984    .bss.MainCtrl.0     lto-llvm-4da49d.o
    0x2000030c        -       0x00000004   Zero   RW          985    .bss.MainCtrl.1     lto-llvm-4da49d.o
    0x20000310        -       0x00000002   Zero   RW          994    .bss.MainCtrl.10    lto-llvm-4da49d.o
    0x20000312        -       0x00000001   Zero   RW          995    .bss.MainCtrl.11    lto-llvm-4da49d.o
    0x20000313   0x0800d87c   0x00000001   PAD
    0x20000314        -       0x00000004   Zero   RW          986    .bss.MainCtrl.2     lto-llvm-4da49d.o
    0x20000318        -       0x00000004   Zero   RW          987    .bss.MainCtrl.3     lto-llvm-4da49d.o
    0x2000031c        -       0x00000004   Zero   RW          988    .bss.MainCtrl.4     lto-llvm-4da49d.o
    0x20000320        -       0x00000004   Zero   RW          989    .bss.MainCtrl.5     lto-llvm-4da49d.o
    0x20000324        -       0x00000004   Zero   RW          990    .bss.MainCtrl.6     lto-llvm-4da49d.o
    0x20000328        -       0x00000004   Zero   RW          991    .bss.MainCtrl.7     lto-llvm-4da49d.o
    0x2000032c        -       0x00000004   Zero   RW          992    .bss.MainCtrl.8     lto-llvm-4da49d.o
    0x20000330        -       0x00000004   Zero   RW          993    .bss.MainCtrl.9     lto-llvm-4da49d.o
    0x20000334        -       0x00000004   Zero   RW         1040    .bss.MeasureInductance.__i_divSendTimes  lto-llvm-4da49d.o
    0x20000338        -       0x00000004   Zero   RW         1041    .bss.MeasureInductance.__i_divSendTimes.2  lto-llvm-4da49d.o
    0x2000033c        -       0x00000004   Zero   RW         1042    .bss.MeasureInductance.__i_divSendTimes.4  lto-llvm-4da49d.o
    0x20000340        -       0x00000004   Zero   RW         1036    .bss.MeasureInductance.avgTotalCurr  lto-llvm-4da49d.o
    0x20000344        -       0x00000004   Zero   RW         1035    .bss.MeasureInductance.count  lto-llvm-4da49d.o
    0x20000348        -       0x00000001   Zero   RW         1032    .bss.MeasureInductance.inductanceState  lto-llvm-4da49d.o
    0x20000349   0x0800d87c   0x00000001   PAD
    0x2000034a        -       0x00000002   Zero   RW         1034    .bss.MeasureInductance.sampleTime  lto-llvm-4da49d.o
    0x2000034c        -       0x00000001   Zero   RW         1033    .bss.MeasureInductance.sendFlag  lto-llvm-4da49d.o
    0x2000034d   0x0800d87c   0x00000003   PAD
    0x20000350        -       0x00000004   Zero   RW         1037    .bss.MeasureInductance.totalCurrA  lto-llvm-4da49d.o
    0x20000354        -       0x00000004   Zero   RW         1038    .bss.MeasureInductance.totalCurrB  lto-llvm-4da49d.o
    0x20000358        -       0x00000004   Zero   RW         1039    .bss.MeasureInductance.totalCurrC  lto-llvm-4da49d.o
    0x2000035c        -       0x00000004   Zero   RW         1048    .bss.MeasureParameters.__i_divSendTimes  lto-llvm-4da49d.o
    0x20000360        -       0x00000004   Zero   RW         1047    .bss.MeasureParameters.count  lto-llvm-4da49d.o
    0x20000364        -       0x00000004   Zero   RW         1046    .bss.MeasureParameters.flag  lto-llvm-4da49d.o
    0x20000368        -       0x00000004   Zero   RW         1044    .bss.MeasureParameters.inductance  lto-llvm-4da49d.o
    0x2000036c        -       0x00000004   Zero   RW         1043    .bss.MeasureParameters.residence  lto-llvm-4da49d.o
    0x20000370        -       0x00000004   Zero   RW         1045    .bss.MeasureParameters.state  lto-llvm-4da49d.o
    0x20000374        -       0x00000004   Zero   RW         1030    .bss.MeasureResidence.__i_divSendTimes  lto-llvm-4da49d.o
    0x20000378        -       0x00000004   Zero   RW         1021    .bss.MeasureResidence.count  lto-llvm-4da49d.o
    0x2000037c        -       0x00000002   Zero   RW         1022    .bss.MeasureResidence.sampleTime  lto-llvm-4da49d.o
    0x2000037e        -       0x00000001   Zero   RW         1019    .bss.MeasureResidence.sendFlag  lto-llvm-4da49d.o
    0x2000037f        -       0x00000001   Zero   RW         1020    .bss.MeasureResidence.status  lto-llvm-4da49d.o
    0x20000380        -       0x00000004   Zero   RW         1025    .bss.MeasureResidence.tempCurrD  lto-llvm-4da49d.o
    0x20000384        -       0x00000004   Zero   RW         1026    .bss.MeasureResidence.tempCurrQ  lto-llvm-4da49d.o
    0x20000388        -       0x00000004   Zero   RW         1023    .bss.MeasureResidence.totalCurr  lto-llvm-4da49d.o
    0x2000038c        -       0x00000004   Zero   RW         1024    .bss.MeasureResidence.totalVol  lto-llvm-4da49d.o
    0x20000390        -       0x00000004   Zero   RW          960    .bss.PosLoop.0      lto-llvm-4da49d.o
    0x20000394        -       0x00000004   Zero   RW          961    .bss.PosLoop.1      lto-llvm-4da49d.o
    0x20000398        -       0x00000004   Zero   RW          970    .bss.PosLoop.10     lto-llvm-4da49d.o
    0x2000039c        -       0x00000004   Zero   RW          971    .bss.PosLoop.11     lto-llvm-4da49d.o
    0x200003a0        -       0x00000004   Zero   RW          962    .bss.PosLoop.2      lto-llvm-4da49d.o
    0x200003a4        -       0x00000004   Zero   RW          963    .bss.PosLoop.3      lto-llvm-4da49d.o
    0x200003a8        -       0x00000004   Zero   RW          964    .bss.PosLoop.4      lto-llvm-4da49d.o
    0x200003ac        -       0x00000004   Zero   RW          965    .bss.PosLoop.5      lto-llvm-4da49d.o
    0x200003b0        -       0x00000004   Zero   RW          966    .bss.PosLoop.6      lto-llvm-4da49d.o
    0x200003b4        -       0x00000004   Zero   RW          967    .bss.PosLoop.7      lto-llvm-4da49d.o
    0x200003b8        -       0x00000004   Zero   RW          968    .bss.PosLoop.8      lto-llvm-4da49d.o
    0x200003bc        -       0x00000004   Zero   RW          969    .bss.PosLoop.9      lto-llvm-4da49d.o
    0x200003c0        -       0x00000040   Zero   RW         1028    .bss.PosSensor      lto-llvm-4da49d.o
    0x20000400        -       0x00000004   Zero   RW          981    .bss.PosSlopeGenerator.posProcessVolume  lto-llvm-4da49d.o
    0x20000404        -       0x00000004   Zero   RW          982    .bss.PosSlopeGenerator.posStep_Acc  lto-llvm-4da49d.o
    0x20000408        -       0x00000004   Zero   RW          983    .bss.PosSlopeGenerator.posStep_Dec  lto-llvm-4da49d.o
    0x2000040c        -       0x00000004   Zero   RW         1059    .bss.RotateInertiaTest.JSum  lto-llvm-4da49d.o
    0x20000410        -       0x00000004   Zero   RW         1066    .bss.RotateInertiaTest.__i_divSendTimes  lto-llvm-4da49d.o
    0x20000414        -       0x00000004   Zero   RW         1053    .bss.RotateInertiaTest.cnt  lto-llvm-4da49d.o
    0x20000418        -       0x00000004   Zero   RW         1050    .bss.RotateInertiaTest.index1  lto-llvm-4da49d.o
    0x2000041c        -       0x00000004   Zero   RW         1051    .bss.RotateInertiaTest.index2  lto-llvm-4da49d.o
    0x20000420        -       0x00000004   Zero   RW         1057    .bss.RotateInertiaTest.intercept1  lto-llvm-4da49d.o
    0x20000424        -       0x00000004   Zero   RW         1058    .bss.RotateInertiaTest.intercept2  lto-llvm-4da49d.o
    0x20000428        -       0x00000004   Zero   RW         1063    .bss.RotateInertiaTest.sample  lto-llvm-4da49d.o
    0x2000042c        -       0x00000004   Zero   RW         1055    .bss.RotateInertiaTest.slope1  lto-llvm-4da49d.o
    0x20000430        -       0x00000004   Zero   RW         1056    .bss.RotateInertiaTest.slope2  lto-llvm-4da49d.o
    0x20000434        -       0x00000258   Zero   RW         1061    .bss.RotateInertiaTest.speedDown  lto-llvm-4da49d.o
    0x2000068c        -       0x00000258   Zero   RW         1060    .bss.RotateInertiaTest.speedUp  lto-llvm-4da49d.o
    0x200008e4        -       0x00000001   Zero   RW         1049    .bss.RotateInertiaTest.step  lto-llvm-4da49d.o
    0x200008e5   0x0800d87c   0x00000003   PAD
    0x200008e8        -       0x00000004   Zero   RW         1054    .bss.RotateInertiaTest.sumTorque  lto-llvm-4da49d.o
    0x200008ec        -       0x00000258   Zero   RW         1052    .bss.RotateInertiaTest.time  lto-llvm-4da49d.o
    0x20000b44        -       0x00000258   Zero   RW         1062    .bss.RotateInertiaTest.torque  lto-llvm-4da49d.o
    0x20000d9c        -       0x0000001c   Zero   RW          930    .bss.RxMessage0     lto-llvm-4da49d.o
    0x20000db8        -       0x00000020   Zero   RW         1064    .bss.SpdLoop        lto-llvm-4da49d.o
    0x20000dd8        -       0x00000010   Zero   RW         1065    .bss.TorqueCtrl     lto-llvm-4da49d.o
    0x20000de8        -       0x00000018   Zero   RW          929    .bss.TxMessage      lto-llvm-4da49d.o
    0x20000e00        -       0x000007d0   Zero   RW          937    .bss.USART_BUFF1    lto-llvm-4da49d.o
    0x200015d0        -       0x000007d0   Zero   RW          939    .bss.USART_BUFF2    lto-llvm-4da49d.o
    0x20001da0        -       0x00000004   Zero   RW          978    .bss.VelSlopeGenerator.velProcessVolume  lto-llvm-4da49d.o
    0x20001da4        -       0x00000004   Zero   RW          979    .bss.VelSlopeGenerator.velStep_Acc  lto-llvm-4da49d.o
    0x20001da8        -       0x00000004   Zero   RW          980    .bss.VelSlopeGenerator.velStep_Dec  lto-llvm-4da49d.o
    0x20001dac        -       0x00000048   Zero   RW          956    .bss.hadc1          lto-llvm-4da49d.o
    0x20001df4        -       0x00000048   Zero   RW          957    .bss.hadc2          lto-llvm-4da49d.o
    0x20001e3c        -       0x00000048   Zero   RW         1008    .bss.hadc3          lto-llvm-4da49d.o
    0x20001e84        -       0x00000038   Zero   RW          941    .bss.hcan1          lto-llvm-4da49d.o
    0x20001ebc        -       0x00000064   Zero   RW          943    .bss.hdma_adc3      lto-llvm-4da49d.o
    0x20001f20        -       0x00000064   Zero   RW          944    .bss.hdma_usart1_tx  lto-llvm-4da49d.o
    0x20001f84        -       0x0000005c   Zero   RW          934    .bss.hspi3          lto-llvm-4da49d.o
    0x20001fe0        -       0x00000048   Zero   RW          942    .bss.huart1         lto-llvm-4da49d.o
    0x20002028        -       0x00000004   Zero   RW         1070    .bss.uwTick         lto-llvm-4da49d.o
    0x2000202c   0x0800d87c   0x00000004   PAD
    0x20002030        -       0x00000200   Zero   RW            2    HEAP                startup_stm32f446xx.o
    0x20002230        -       0x00000400   Zero   RW            1    STACK               startup_stm32f446xx.o


==============================================================================

Image component sizes


      Code (inc. data)   RO Data    RW Data    ZI Data      Debug   Object Name

     46552       1250       2543         32       8080     125312   lto-llvm-4da49d.o
        64         26        452          0       1536        832   startup_stm32f446xx.o

    ----------------------------------------------------------------------
     46840       1284       3031         36       9644     126144   Object Totals
         0          0         32          0          0          0   (incl. Generated)
       224          8          4          4         28          0   (incl. Padding)

    ----------------------------------------------------------------------

      Code (inc. data)   RO Data    RW Data    ZI Data      Debug   Library Member Name

         8          0          0          0          0         68   __main.o
       392          4         17          0          0         92   __printf_flags_ss_wp.o
        14          0          0          0          0         68   __printf_wp.o
         0          0          0          0          0          0   __rtentry.o
        12          0          0          0          0          0   __rtentry2.o
         6          0          0          0          0          0   __rtentry4.o
        94          8          0          0          0          0   __scatter.o
        26          0          0          0          0          0   __scatter_copy.o
        28          0          0          0          0          0   __scatter_zi.o
        72          0          0          0          0         96   _c32rtomb.o
         6          0          0          0          0          0   _printf_a.o
         6          0          0          0          0          0   _printf_c.o
        44          0          0          0          0        108   _printf_char.o
        48          6          0          0          0         96   _printf_char_common.o
        40          0          0          0          0         68   _printf_charcount.o
         6          0          0          0          0          0   _printf_d.o
       120         16          0          0          0         92   _printf_dec.o
         6          0          0          0          0          0   _printf_e.o
         6          0          0          0          0          0   _printf_f.o
         6          0          0          0          0          0   _printf_g.o
       148          4         40          0          0        160   _printf_hex_int_ll_ptr.o
         6          0          0          0          0          0   _printf_i.o
       178          0          0          0          0         88   _printf_intcommon.o
        10          0          0          0          0          0   _printf_l.o
         6          0          0          0          0          0   _printf_lc.o
        10          0          0          0          0          0   _printf_ll.o
         6          0          0          0          0          0   _printf_lld.o
         6          0          0          0          0          0   _printf_lli.o
         6          0          0          0          0          0   _printf_llo.o
         6          0          0          0          0          0   _printf_llu.o
         6          0          0          0          0          0   _printf_llx.o
       124         16          0          0          0         92   _printf_longlong_dec.o
         6          0          0          0          0          0   _printf_ls.o
         6          0          0          0          0          0   _printf_n.o
         6          0          0          0          0          0   _printf_o.o
       112          8          0          0          0        124   _printf_oct_int_ll.o
         6          0          0          0          0          0   _printf_p.o
        78          0          0          0          0        108   _printf_pad.o
         0          0          0          0          0          0   _printf_percent.o
         4          0          0          0          0          0   _printf_percent_end.o
         6          0          0          0          0          0   _printf_s.o
        82          0          0          0          0         80   _printf_str.o
        36          0          0          0          0         84   _printf_truncate.o
         6          0          0          0          0          0   _printf_u.o
        44          0          0          0          0        108   _printf_wchar.o
       188          6          8          0          0         92   _printf_wctomb.o
         6          0          0          0          0          0   _printf_x.o
        22          0          0          0          0        100   _rserrno.o
        44          6          0          0          0         84   _sprintf.o
        10          0          0          0          0         68   _sputc.o
        18          0          0          0          0         80   exit.o
         6          0          0          0          0        152   heapauxi.o
         0          0          0          0          0          0   indicate_semi.o
        44         10        272          0          0         76   lc_ctype_c.o
         2          0          0          0          0          0   libinit.o
        24          0          0          0          0          0   libinit2.o
         2          0          0          0          0          0   libshutdown.o
         2          0          0          0          0          0   libshutdown2.o
         8          4          0          0         96         68   libspace.o
       138          0          0          0          0         80   lludiv10.o
       240          0          0          0          0        100   lludivv7m.o
        16          4          0          0          0         76   rt_ctype_table.o
         8          4          0          0          0         68   rt_errno_addr_intlibspace.o
         8          4          0          0          0         68   rt_locale_intlibspace.o
        78          0          0          0          0         80   rt_memclr_w.o
         2          0          0          0          0          0   rtexit.o
        10          0          0          0          0          0   rtexit2.o
       124          0          0          0          0         88   strcmpv7em.o
        12          4          0          0          0         68   sys_exit.o
        74          0          0          0          0         80   sys_stackheap_outer.o
         2          0          0          0          0         68   use_no_semi.o
        98          4          0          0          0        140   d2f.o
        84          0          0          0          0        244   dcmp.o
        24          0          0          0          0        116   dcmpi.o
       696        140          0          0          0        264   ddiv.o
       120          4          0          0          0        140   deqf.o
        94          4          0          0          0        140   dfix.o
        46          0          0          0          0        116   dflt_clz.o
       120          4          0          0          0        140   dgeqf.o
       120          4          0          0          0        140   dleqf.o
       340         12          0          0          0        152   dmul.o
       156          4          0          0          0        140   dnaninf.o
        12          0          0          0          0        116   dretinf.o
        86          4          0          0          0        132   f2d.o
       140          4          0          0          0        132   fnaninf.o
        26          0          0          0          0        116   fpinit.o
        10          0          0          0          0        116   fretinf.o
         0          0          0          0          0          0   usenofp.o
        58          0          0          0          0        136   sqrtf.o

    ----------------------------------------------------------------------
      5176        288        337          0         96       5508   Library Totals
        14          0          0          0          0          0   (incl. Padding)

    ----------------------------------------------------------------------

      Code (inc. data)   RO Data    RW Data    ZI Data      Debug   Library Name

      2932        104        337          0         96       3028   c_wu.l
      2172        184          0          0          0       2344   fz_wm.l
        58          0          0          0          0        136   m_wm.l

    ----------------------------------------------------------------------
      5176        288        337          0         96       5508   Library Totals

    ----------------------------------------------------------------------

==============================================================================


      Code (inc. data)   RO Data    RW Data    ZI Data      Debug   

     52016       1572       3368         36       9740     128660   Grand Totals
     52016       1572       3368         36       9740     128660   ELF Image Totals
     52016       1572       3368         36          0          0   ROM Totals

==============================================================================

    Total RO  Size (Code + RO Data)                55384 (  54.09kB)
    Total RW  Size (RW Data + ZI Data)              9776 (   9.55kB)
    Total ROM Size (Code + RO Data + RW Data)      55420 (  54.12kB)

==============================================================================

